[FT_PE] engine: assets/model/FT_PE-Core-L14-336_260318_vision_no_mean_pooling.engine
[FT_PE] text features: assets/model/FT_text_features.json
[FT_PE] batch=24 frames=3 warmup=5 iters=25
[prepare] ONNX already at assets/model/FT_text_features.json (2.1 MB)
[prepare] engine already at assets/model/FT_PE-Core-L14-336_260318_vision_no_mean_pooling.engine (642.9 MB) - skipping
/root/miniconda3/envs/pia-speed/lib/python3.12/site-packages/torch/cuda/__init__.py:61: FutureWarning: The pynvml package is deprecated. Please install nvidia-ml-py instead. If you did not install pynvml directly, please report this to the maintainers of the package that installed pynvml for you.
  import pynvml  # type: ignore[import]
model:  FT_PE (ft_pe)  via FTPEService._detect
engine: assets/model/FT_PE-Core-L14-336_260318_vision_no_mean_pooling.engine
txtfts: assets/model/FT_text_features.json
T:      3  (window_size driven by --frames)
image:  /root/kurnianto/pia-speed_compare/assets/images/kkpolice_1.jpg
gpu:    NVIDIA RTX A5000  (sm 8.6, 24247 MiB)
batch:  24  frames: 3  warmup: 5  iters: 25
start:  2026-05-19T15:49:25
[pool] generated 1032 frames = 43 batches × 24  (6.42 GB)  (includes buffer_warmup=13 for T=3)

  full_cycle   mean= 665.937 ms  std= 36.170  p95= 723.160 ms  thr=  108.1 img/s
  half_cycle   mean= 665.255 ms  std= 36.224  p95= 722.569 ms  thr=  108.2 img/s
  inference    mean= 472.569 ms  std=  1.398  p95= 475.418 ms  thr=  152.4 img/s
  input_gen_and_load  mean= 173.147 ms  std= 18.541  p95= 192.551 ms  thr=  415.8 img/s
  cos_sim      mean=   0.319 ms  std=  0.024  p95=   0.352 ms  thr=225705.3 img/s

GPU temp: 56.0 -> 61.0 C  (min=54.0, max=61.0)
wrote: /root/kurnianto/pia-speed_compare/results/ftpe_NVIDIA_RTX_A5000_b24_t3_20260519_154925.json
