[FT_PE_INT8] INT8 engine:        assets/QAT/ftpe/engines/int8_ftpe_dyn_b4-128_t3_crl.engine
[FT_PE_INT8] BF16 bootstrap:     assets/model/FT_PE-Core-L14-336_260318_vision_no_mean_pooling.engine
[FT_PE_INT8] text features:      assets/model/FT_text_features.json
[FT_PE_INT8] batch=10 frames=3 warmup=5 iters=25
/root/miniconda3/envs/pia-speed/lib/python3.12/site-packages/torch/cuda/__init__.py:61: FutureWarning: The pynvml package is deprecated. Please install nvidia-ml-py instead. If you did not install pynvml directly, please report this to the maintainers of the package that installed pynvml for you.
  import pynvml  # type: ignore[import]
model:  FT_PE_INT8 (T=3 canonical)  via FTPEService._detect (model swapped)
engine: assets/QAT/ftpe/engines/int8_ftpe_dyn_b4-128_t3_crl.engine
bootstrap engine: assets/model/FT_PE-Core-L14-336_260318_vision_no_mean_pooling.engine
txtfts: assets/model/FT_text_features.json
T:      3  (window_size driven by --frames)
image:  /root/kurnianto/pia-speed_compare/assets/images/kkpolice_1.jpg
gpu:    NVIDIA RTX A5000  (sm 8.6, 24247 MiB)
batch:  10  frames: 3  warmup: 5  iters: 25
start:  2026-05-20T03:54:42
[pool] generated 700 frames = 70 batches × 10  (4.35 GB)  (includes buffer_warmup=13 for T=3)

  full_cycle              mean= 242.696 ms  std= 19.796  p95= 262.547 ms  thr=  123.6 img/s
  half_cycle              mean= 216.212 ms  std=  9.091  p95= 227.783 ms  thr=  138.8 img/s
  inference               mean= 146.382 ms  std=  0.436  p95= 147.043 ms  thr=  204.9 img/s
  input_gen_and_load      mean=  71.523 ms  std=  5.010  p95=  81.340 ms  thr=  419.4 img/s
  cos_sim                 mean=   0.559 ms  std=  0.067  p95=   0.686 ms  thr=53667.3 img/s

GPU temp: 46.0 -> 52.0 C  (min=45.0, max=53.0)
wrote: /root/kurnianto/pia-speed_compare/results/ftpe_int8_NVIDIA_RTX_A5000_b10_t3_20260520_035442.json
[FT_PE_INT8] cos/MSE check skipped (SKIP_COS=1)
