[FT_PE] engine: assets/model/FT_PE-Core-L14-336_260318_vision_no_mean_pooling.engine
[FT_PE] text features: assets/model/FT_text_features.json
[FT_PE] batch=64 frames=3 warmup=5 iters=25
[prepare] ONNX already at assets/model/FT_text_features.json (2.1 MB)
[prepare] engine already at assets/model/FT_PE-Core-L14-336_260318_vision_no_mean_pooling.engine (642.9 MB) - skipping
/root/miniconda3/envs/pia-speed/lib/python3.12/site-packages/torch/cuda/__init__.py:61: FutureWarning: The pynvml package is deprecated. Please install nvidia-ml-py instead. If you did not install pynvml directly, please report this to the maintainers of the package that installed pynvml for you.
  import pynvml  # type: ignore[import]
model:  FT_PE (ft_pe)  via FTPEService._detect
engine: assets/model/FT_PE-Core-L14-336_260318_vision_no_mean_pooling.engine
txtfts: assets/model/FT_text_features.json
T:      3  (window_size driven by --frames)
image:  /root/kurnianto/pia-speed_compare/assets/images/kkpolice_1.jpg
gpu:    NVIDIA RTX A5000  (sm 8.6, 24247 MiB)
batch:  64  frames: 3  warmup: 5  iters: 25
start:  2026-05-19T17:46:25
[pool] generated 2752 frames = 43 batches × 64  (17.12 GB)  (includes buffer_warmup=13 for T=3)

  full_cycle   mean=1767.733 ms  std= 65.505  p95=1831.841 ms  thr=  108.6 img/s
  half_cycle   mean=1767.069 ms  std= 65.507  p95=1831.216 ms  thr=  108.7 img/s
  inference    mean=1300.452 ms  std=  5.689  p95=1307.706 ms  thr=  147.6 img/s
  input_gen_and_load  mean= 329.311 ms  std= 35.840  p95= 364.166 ms  thr=  583.0 img/s
  cos_sim      mean=   0.278 ms  std=  0.018  p95=   0.307 ms  thr=690647.5 img/s

GPU temp: 65.0 -> 68.0 C  (min=64.0, max=68.0)
wrote: /root/kurnianto/pia-speed_compare/results/ftpe_NVIDIA_RTX_A5000_b64_t3_20260519_174625.json
