[FT_PE] engine: assets/model/FT_PE-Core-L14-336_260318_vision_no_mean_pooling.engine
[FT_PE] text features: assets/model/FT_text_features.json
[FT_PE] batch=26 frames=3 warmup=5 iters=25
[prepare] ONNX already at assets/model/FT_text_features.json (2.1 MB)
[prepare] engine already at assets/model/FT_PE-Core-L14-336_260318_vision_no_mean_pooling.engine (646.2 MB) - skipping
model:  FT_PE (ft_pe)  via FTPEService._detect
engine: assets/model/FT_PE-Core-L14-336_260318_vision_no_mean_pooling.engine
txtfts: assets/model/FT_text_features.json
T:      3  (window_size driven by --frames)
image:  /home/piawsa6000/kurnianto/pia-speed_compare/assets/images/kkpolice_1.jpg
gpu:    NVIDIA RTX A6000  (sm 8.6, 48676 MiB)
batch:  26  frames: 3  warmup: 5  iters: 25
start:  2026-05-20T01:07:53
[pool] generated 1118 frames = 43 batches × 26  (6.95 GB)  (includes buffer_warmup=13 for T=3)

  full_cycle   mean= 447.052 ms  std=  9.804  p95= 452.964 ms  thr=  174.5 img/s
  half_cycle   mean= 446.598 ms  std=  9.804  p95= 452.515 ms  thr=  174.7 img/s
  inference    mean= 357.823 ms  std=  2.602  p95= 361.058 ms  thr=  218.0 img/s
  input_gen_and_load  mean= 119.853 ms  std=  8.981  p95= 123.340 ms  thr=  650.8 img/s
  cos_sim      mean=   0.304 ms  std=  0.024  p95=   0.330 ms  thr=256579.0 img/s

GPU temp: 34.0 -> 34.0 C  (min=34.0, max=34.0)
wrote: /home/piawsa6000/kurnianto/pia-speed_compare/results/ftpe_NVIDIA_RTX_A6000_b26_t3_20260520_010753.json
