[FT_PE] engine: assets/model/FT_PE-Core-L14-336_260318_vision_no_mean_pooling.engine
[FT_PE] text features: assets/model/FT_text_features.json
[FT_PE] batch=10 frames=3 warmup=5 iters=25
[prepare] ONNX already at assets/model/FT_text_features.json (2.1 MB)
[prepare] engine already at assets/model/FT_PE-Core-L14-336_260318_vision_no_mean_pooling.engine (646.2 MB) - skipping
model:  FT_PE (ft_pe)  via FTPEService._detect
engine: assets/model/FT_PE-Core-L14-336_260318_vision_no_mean_pooling.engine
txtfts: assets/model/FT_text_features.json
T:      3  (window_size driven by --frames)
image:  /home/piawsa6000/kurnianto/pia-speed_compare/assets/images/kkpolice_1.jpg
gpu:    NVIDIA RTX A6000  (sm 8.6, 48676 MiB)
batch:  10  frames: 3  warmup: 5  iters: 25
start:  2026-05-20T00:23:53
[pool] generated 430 frames = 43 batches × 10  (2.67 GB)  (includes buffer_warmup=13 for T=3)

  full_cycle   mean= 182.797 ms  std=  8.312  p95= 192.157 ms  thr=  164.1 img/s
  half_cycle   mean= 182.361 ms  std=  8.313  p95= 191.730 ms  thr=  164.5 img/s
  inference    mean= 139.556 ms  std=  0.444  p95= 140.160 ms  thr=  215.0 img/s
  input_gen_and_load  mean=  54.030 ms  std=  7.931  p95=  62.663 ms  thr=  555.2 img/s
  cos_sim      mean=   0.283 ms  std=  0.010  p95=   0.299 ms  thr=106007.1 img/s

GPU temp: 33.0 -> 33.0 C  (min=33.0, max=34.0)
wrote: /home/piawsa6000/kurnianto/pia-speed_compare/results/ftpe_NVIDIA_RTX_A6000_b10_t3_20260520_002353.json
