[FT_PE] engine: assets/model/FT_PE-Core-L14-336_260318_vision_no_mean_pooling.engine
[FT_PE] text features: assets/model/FT_text_features.json
[FT_PE] batch=36 frames=3 warmup=5 iters=25
[prepare] ONNX already at assets/model/FT_text_features.json (2.1 MB)
[prepare] engine already at assets/model/FT_PE-Core-L14-336_260318_vision_no_mean_pooling.engine (646.2 MB) - skipping
model:  FT_PE (ft_pe)  via FTPEService._detect
engine: assets/model/FT_PE-Core-L14-336_260318_vision_no_mean_pooling.engine
txtfts: assets/model/FT_text_features.json
T:      3  (window_size driven by --frames)
image:  /home/piawsa6000/kurnianto/pia-speed_compare/assets/images/kkpolice_1.jpg
gpu:    NVIDIA RTX A6000  (sm 8.6, 48676 MiB)
batch:  36  frames: 3  warmup: 5  iters: 25
start:  2026-05-20T01:41:17
[pool] generated 1548 frames = 43 batches × 36  (9.63 GB)  (includes buffer_warmup=13 for T=3)

  full_cycle   mean= 659.891 ms  std= 33.886  p95= 698.679 ms  thr=  163.7 img/s
  half_cycle   mean= 659.393 ms  std= 33.882  p95= 698.082 ms  thr=  163.8 img/s
  inference    mean= 505.099 ms  std=  2.920  p95= 509.566 ms  thr=  213.8 img/s
  input_gen_and_load  mean= 212.847 ms  std= 28.081  p95= 242.890 ms  thr=  507.4 img/s
  cos_sim      mean=   0.319 ms  std=  0.016  p95=   0.339 ms  thr=338558.0 img/s

GPU temp: 34.0 -> 33.0 C  (min=33.0, max=34.0)
wrote: /home/piawsa6000/kurnianto/pia-speed_compare/results/ftpe_NVIDIA_RTX_A6000_b36_t3_20260520_014117.json
