[FT_PE] engine: assets/model/FT_PE-Core-L14-336_260318_vision_no_mean_pooling.engine
[FT_PE] text features: assets/model/FT_text_features.json
[FT_PE] batch=28 frames=3 warmup=5 iters=25
[prepare] ONNX already at assets/model/FT_text_features.json (2.1 MB)
[prepare] engine already at assets/model/FT_PE-Core-L14-336_260318_vision_no_mean_pooling.engine (642.9 MB) - skipping
/root/miniconda3/envs/pia-speed/lib/python3.12/site-packages/torch/cuda/__init__.py:61: FutureWarning: The pynvml package is deprecated. Please install nvidia-ml-py instead. If you did not install pynvml directly, please report this to the maintainers of the package that installed pynvml for you.
  import pynvml  # type: ignore[import]
model:  FT_PE (ft_pe)  via FTPEService._detect
engine: assets/model/FT_PE-Core-L14-336_260318_vision_no_mean_pooling.engine
txtfts: assets/model/FT_text_features.json
T:      3  (window_size driven by --frames)
image:  /root/kurnianto/pia-speed_compare/assets/images/kkpolice_1.jpg
gpu:    NVIDIA RTX A5000  (sm 8.6, 24247 MiB)
batch:  28  frames: 3  warmup: 5  iters: 25
start:  2026-05-19T15:59:08
[pool] generated 1204 frames = 43 batches × 28  (7.49 GB)  (includes buffer_warmup=13 for T=3)

  full_cycle   mean= 796.825 ms  std= 53.227  p95= 877.515 ms  thr=  105.4 img/s
  half_cycle   mean= 796.207 ms  std= 53.243  p95= 877.008 ms  thr=  105.5 img/s
  inference    mean= 551.545 ms  std=  2.051  p95= 554.858 ms  thr=  152.3 img/s
  input_gen_and_load  mean= 175.958 ms  std= 40.770  p95= 239.738 ms  thr=  477.4 img/s
  cos_sim      mean=   0.327 ms  std=  0.094  p95=   0.485 ms  thr=256880.7 img/s

GPU temp: 57.0 -> 62.0 C  (min=55.0, max=62.0)
wrote: /root/kurnianto/pia-speed_compare/results/ftpe_NVIDIA_RTX_A5000_b28_t3_20260519_155908.json
