[FT_PE] engine: assets/model/FT_PE-Core-L14-336_260318_vision_no_mean_pooling.engine
[FT_PE] text features: assets/model/FT_text_features.json
[FT_PE] batch=38 frames=3 warmup=5 iters=25
[prepare] ONNX already at assets/model/FT_text_features.json (2.1 MB)
[prepare] engine already at assets/model/FT_PE-Core-L14-336_260318_vision_no_mean_pooling.engine (646.2 MB) - skipping
model:  FT_PE (ft_pe)  via FTPEService._detect
engine: assets/model/FT_PE-Core-L14-336_260318_vision_no_mean_pooling.engine
txtfts: assets/model/FT_text_features.json
T:      3  (window_size driven by --frames)
image:  /home/piawsa6000/kurnianto/pia-speed_compare/assets/images/kkpolice_1.jpg
gpu:    NVIDIA RTX A6000  (sm 8.6, 48676 MiB)
batch:  38  frames: 3  warmup: 5  iters: 25
start:  2026-05-20T01:48:38
[pool] generated 1634 frames = 43 batches × 38  (10.16 GB)  (includes buffer_warmup=13 for T=3)

  full_cycle   mean= 695.453 ms  std= 34.259  p95= 734.333 ms  thr=  163.9 img/s
  half_cycle   mean= 694.959 ms  std= 34.261  p95= 733.843 ms  thr=  164.0 img/s
  inference    mean= 532.445 ms  std=  3.645  p95= 538.222 ms  thr=  214.1 img/s
  input_gen_and_load  mean= 208.867 ms  std= 33.379  p95= 243.282 ms  thr=  545.8 img/s
  cos_sim      mean=   0.308 ms  std=  0.016  p95=   0.336 ms  thr=370129.9 img/s

GPU temp: 34.0 -> 34.0 C  (min=33.0, max=34.0)
wrote: /home/piawsa6000/kurnianto/pia-speed_compare/results/ftpe_NVIDIA_RTX_A6000_b38_t3_20260520_014838.json
