[FT_PE] engine: assets/model/FT_PE-Core-L14-336_260318_vision_no_mean_pooling.engine
[FT_PE] text features: assets/model/FT_text_features.json
[FT_PE] batch=68 frames=3 warmup=5 iters=25
[prepare] ONNX already at assets/model/FT_text_features.json (2.1 MB)
[prepare] engine already at assets/model/FT_PE-Core-L14-336_260318_vision_no_mean_pooling.engine (646.2 MB) - skipping
model:  FT_PE (ft_pe)  via FTPEService._detect
engine: assets/model/FT_PE-Core-L14-336_260318_vision_no_mean_pooling.engine
txtfts: assets/model/FT_text_features.json
T:      3  (window_size driven by --frames)
image:  /home/piawsa6000/kurnianto/pia-speed_compare/assets/images/kkpolice_1.jpg
gpu:    NVIDIA RTX A6000  (sm 8.6, 48676 MiB)
batch:  68  frames: 3  warmup: 5  iters: 25
start:  2026-05-20T03:59:46
[pool] generated 2924 frames = 43 batches × 68  (18.19 GB)  (includes buffer_warmup=13 for T=3)

  full_cycle   mean=1259.119 ms  std= 62.275  p95=1328.470 ms  thr=  162.0 img/s
  half_cycle   mean=1258.535 ms  std= 62.277  p95=1327.890 ms  thr=  162.1 img/s
  inference    mean= 957.910 ms  std=  3.267  p95= 962.100 ms  thr=  213.0 img/s
  input_gen_and_load  mean= 373.200 ms  std= 57.808  p95= 429.146 ms  thr=  546.6 img/s
  cos_sim      mean=   0.314 ms  std=  0.015  p95=   0.334 ms  thr=649681.5 img/s

GPU temp: 33.0 -> 34.0 C  (min=33.0, max=34.0)
wrote: /home/piawsa6000/kurnianto/pia-speed_compare/results/ftpe_NVIDIA_RTX_A6000_b68_t3_20260520_035946.json
