[FT_PE] engine: assets/model/FT_PE-Core-L14-336_260318_vision_no_mean_pooling.engine
[FT_PE] text features: assets/model/FT_text_features.json
[FT_PE] batch=22 frames=3 warmup=5 iters=25
[prepare] ONNX already at assets/model/FT_text_features.json (2.1 MB)
[prepare] engine already at assets/model/FT_PE-Core-L14-336_260318_vision_no_mean_pooling.engine (646.2 MB) - skipping
model:  FT_PE (ft_pe)  via FTPEService._detect
engine: assets/model/FT_PE-Core-L14-336_260318_vision_no_mean_pooling.engine
txtfts: assets/model/FT_text_features.json
T:      3  (window_size driven by --frames)
image:  /home/piawsa6000/kurnianto/pia-speed_compare/assets/images/kkpolice_1.jpg
gpu:    NVIDIA RTX A6000  (sm 8.6, 48676 MiB)
batch:  22  frames: 3  warmup: 5  iters: 25
start:  2026-05-20T00:55:46
[pool] generated 946 frames = 43 batches × 22  (5.88 GB)  (includes buffer_warmup=13 for T=3)

  full_cycle   mean= 377.047 ms  std=  8.345  p95= 380.457 ms  thr=  175.0 img/s
  half_cycle   mean= 376.586 ms  std=  8.351  p95= 380.029 ms  thr=  175.3 img/s
  inference    mean= 302.363 ms  std=  2.179  p95= 305.646 ms  thr=  218.3 img/s
  input_gen_and_load  mean= 102.263 ms  std=  7.505  p95= 105.599 ms  thr=  645.4 img/s
  cos_sim      mean=   0.294 ms  std=  0.017  p95=   0.318 ms  thr=224489.8 img/s

GPU temp: 34.0 -> 34.0 C  (min=34.0, max=34.0)
wrote: /home/piawsa6000/kurnianto/pia-speed_compare/results/ftpe_NVIDIA_RTX_A6000_b22_t3_20260520_005546.json
