[FT_PE] engine: assets/model/FT_PE-Core-L14-336_260318_vision_no_mean_pooling.engine
[FT_PE] text features: assets/model/FT_text_features.json
[FT_PE] batch=56 frames=3 warmup=5 iters=25
[prepare] ONNX already at assets/model/FT_text_features.json (2.1 MB)
[prepare] engine already at assets/model/FT_PE-Core-L14-336_260318_vision_no_mean_pooling.engine (642.9 MB) - skipping
/root/miniconda3/envs/pia-speed/lib/python3.12/site-packages/torch/cuda/__init__.py:61: FutureWarning: The pynvml package is deprecated. Please install nvidia-ml-py instead. If you did not install pynvml directly, please report this to the maintainers of the package that installed pynvml for you.
  import pynvml  # type: ignore[import]
model:  FT_PE (ft_pe)  via FTPEService._detect
engine: assets/model/FT_PE-Core-L14-336_260318_vision_no_mean_pooling.engine
txtfts: assets/model/FT_text_features.json
T:      3  (window_size driven by --frames)
image:  /root/kurnianto/pia-speed_compare/assets/images/kkpolice_1.jpg
gpu:    NVIDIA RTX A5000  (sm 8.6, 24247 MiB)
batch:  56  frames: 3  warmup: 5  iters: 25
start:  2026-05-19T17:19:34
[pool] generated 2408 frames = 43 batches × 56  (14.98 GB)  (includes buffer_warmup=13 for T=3)

  full_cycle   mean=1546.218 ms  std= 86.330  p95=1702.447 ms  thr=  108.7 img/s
  half_cycle   mean=1545.506 ms  std= 86.295  p95=1701.446 ms  thr=  108.7 img/s
  inference    mean=1132.594 ms  std=  6.265  p95=1141.000 ms  thr=  148.3 img/s
  input_gen_and_load  mean= 316.168 ms  std= 65.437  p95= 467.704 ms  thr=  531.4 img/s
  cos_sim      mean=   0.307 ms  std=  0.071  p95=   0.439 ms  thr=547231.3 img/s

GPU temp: 64.0 -> 68.0 C  (min=63.0, max=68.0)
wrote: /root/kurnianto/pia-speed_compare/results/ftpe_NVIDIA_RTX_A5000_b56_t3_20260519_171934.json
