[FT_PE] engine: assets/model/FT_PE-Core-L14-336_260318_vision_no_mean_pooling.engine
[FT_PE] text features: assets/model/FT_text_features.json
[FT_PE] batch=60 frames=3 warmup=5 iters=25
[prepare] ONNX already at assets/model/FT_text_features.json (2.1 MB)
[prepare] engine already at assets/model/FT_PE-Core-L14-336_260318_vision_no_mean_pooling.engine (646.2 MB) - skipping
model:  FT_PE (ft_pe)  via FTPEService._detect
engine: assets/model/FT_PE-Core-L14-336_260318_vision_no_mean_pooling.engine
txtfts: assets/model/FT_text_features.json
T:      3  (window_size driven by --frames)
image:  /home/piawsa6000/kurnianto/pia-speed_compare/assets/images/kkpolice_1.jpg
gpu:    NVIDIA RTX A6000  (sm 8.6, 48676 MiB)
batch:  60  frames: 3  warmup: 5  iters: 25
start:  2026-05-20T03:20:42
[pool] generated 2580 frames = 43 batches × 60  (16.05 GB)  (includes buffer_warmup=13 for T=3)

  full_cycle   mean=1109.943 ms  std= 55.574  p95=1173.478 ms  thr=  162.2 img/s
  half_cycle   mean=1109.378 ms  std= 55.574  p95=1172.919 ms  thr=  162.2 img/s
  inference    mean= 843.453 ms  std=  3.450  p95= 847.671 ms  thr=  213.4 img/s
  input_gen_and_load  mean= 329.183 ms  std= 52.837  p95= 380.076 ms  thr=  546.8 img/s
  cos_sim      mean=   0.318 ms  std=  0.017  p95=   0.345 ms  thr=566037.7 img/s

GPU temp: 34.0 -> 34.0 C  (min=33.0, max=34.0)
wrote: /home/piawsa6000/kurnianto/pia-speed_compare/results/ftpe_NVIDIA_RTX_A6000_b60_t3_20260520_032042.json
