[FT_PE] engine: assets/model/FT_PE-Core-L14-336_260318_vision_no_mean_pooling.engine
[FT_PE] text features: assets/model/FT_text_features.json
[FT_PE] batch=32 frames=3 warmup=5 iters=25
[prepare] ONNX already at assets/model/FT_text_features.json (2.1 MB)
[prepare] engine already at assets/model/FT_PE-Core-L14-336_260318_vision_no_mean_pooling.engine (642.9 MB) - skipping
/root/miniconda3/envs/pia-speed/lib/python3.12/site-packages/torch/cuda/__init__.py:61: FutureWarning: The pynvml package is deprecated. Please install nvidia-ml-py instead. If you did not install pynvml directly, please report this to the maintainers of the package that installed pynvml for you.
  import pynvml  # type: ignore[import]
model:  FT_PE (ft_pe)  via FTPEService._detect
engine: assets/model/FT_PE-Core-L14-336_260318_vision_no_mean_pooling.engine
txtfts: assets/model/FT_text_features.json
T:      3  (window_size driven by --frames)
image:  /root/kurnianto/pia-speed_compare/assets/images/kkpolice_1.jpg
gpu:    NVIDIA RTX A5000  (sm 8.6, 24247 MiB)
batch:  32  frames: 3  warmup: 5  iters: 25
start:  2026-05-19T16:09:20
[pool] generated 1376 frames = 43 batches × 32  (8.56 GB)  (includes buffer_warmup=13 for T=3)

  full_cycle   mean= 925.638 ms  std= 58.269  p95= 994.697 ms  thr=  103.7 img/s
  half_cycle   mean= 924.691 ms  std= 58.279  p95= 993.876 ms  thr=  103.8 img/s
  inference    mean= 631.907 ms  std=  2.960  p95= 636.006 ms  thr=  151.9 img/s
  input_gen_and_load  mean= 244.964 ms  std= 30.717  p95= 281.161 ms  thr=  391.9 img/s
  cos_sim      mean=   0.457 ms  std=  0.044  p95=   0.525 ms  thr=210065.6 img/s

GPU temp: 57.0 -> 62.0 C  (min=56.0, max=63.0)
wrote: /root/kurnianto/pia-speed_compare/results/ftpe_NVIDIA_RTX_A5000_b32_t3_20260519_160920.json
