[FT_PE] engine: assets/model/FT_PE-Core-L14-336_260318_vision_no_mean_pooling.engine
[FT_PE] text features: assets/model/FT_text_features.json
[FT_PE] batch=58 frames=3 warmup=5 iters=25
[prepare] ONNX already at assets/model/FT_text_features.json (2.1 MB)
[prepare] engine already at assets/model/FT_PE-Core-L14-336_260318_vision_no_mean_pooling.engine (646.2 MB) - skipping
model:  FT_PE (ft_pe)  via FTPEService._detect
engine: assets/model/FT_PE-Core-L14-336_260318_vision_no_mean_pooling.engine
txtfts: assets/model/FT_text_features.json
T:      3  (window_size driven by --frames)
image:  /home/piawsa6000/kurnianto/pia-speed_compare/assets/images/kkpolice_1.jpg
gpu:    NVIDIA RTX A6000  (sm 8.6, 48676 MiB)
batch:  58  frames: 3  warmup: 5  iters: 25
start:  2026-05-20T03:11:20
[pool] generated 2494 frames = 43 batches × 58  (15.51 GB)  (includes buffer_warmup=13 for T=3)

  full_cycle   mean=1071.047 ms  std= 53.510  p95=1131.563 ms  thr=  162.5 img/s
  half_cycle   mean=1070.489 ms  std= 53.511  p95=1130.997 ms  thr=  162.5 img/s
  inference    mean= 816.277 ms  std=  3.691  p95= 821.239 ms  thr=  213.2 img/s
  input_gen_and_load  mean= 318.376 ms  std= 49.032  p95= 366.834 ms  thr=  546.5 img/s
  cos_sim      mean=   0.319 ms  std=  0.016  p95=   0.340 ms  thr=545454.6 img/s

GPU temp: 34.0 -> 33.0 C  (min=33.0, max=34.0)
wrote: /home/piawsa6000/kurnianto/pia-speed_compare/results/ftpe_NVIDIA_RTX_A6000_b58_t3_20260520_031120.json
