[FT_PE] engine: assets/model/FT_PE-Core-L14-336_260318_vision_no_mean_pooling.engine
[FT_PE] text features: assets/model/FT_text_features.json
[FT_PE] batch=34 frames=3 warmup=5 iters=25
[prepare] ONNX already at assets/model/FT_text_features.json (2.1 MB)
[prepare] engine already at assets/model/FT_PE-Core-L14-336_260318_vision_no_mean_pooling.engine (642.9 MB) - skipping
/root/miniconda3/envs/pia-speed/lib/python3.12/site-packages/torch/cuda/__init__.py:61: FutureWarning: The pynvml package is deprecated. Please install nvidia-ml-py instead. If you did not install pynvml directly, please report this to the maintainers of the package that installed pynvml for you.
  import pynvml  # type: ignore[import]
model:  FT_PE (ft_pe)  via FTPEService._detect
engine: assets/model/FT_PE-Core-L14-336_260318_vision_no_mean_pooling.engine
txtfts: assets/model/FT_text_features.json
T:      3  (window_size driven by --frames)
image:  /root/kurnianto/pia-speed_compare/assets/images/kkpolice_1.jpg
gpu:    NVIDIA RTX A5000  (sm 8.6, 24247 MiB)
batch:  34  frames: 3  warmup: 5  iters: 25
start:  2026-05-19T16:14:36
[pool] generated 1462 frames = 43 batches × 34  (9.09 GB)  (includes buffer_warmup=13 for T=3)

  full_cycle   mean= 977.499 ms  std= 62.272  p95=1060.444 ms  thr=  104.3 img/s
  half_cycle   mean= 976.624 ms  std= 62.260  p95=1059.603 ms  thr=  104.4 img/s
  inference    mean= 674.932 ms  std=  3.583  p95= 680.956 ms  thr=  151.1 img/s
  input_gen_and_load  mean= 265.438 ms  std= 39.754  p95= 295.655 ms  thr=  384.3 img/s
  cos_sim      mean=   0.478 ms  std=  0.099  p95=   0.744 ms  thr=213389.1 img/s

GPU temp: 60.0 -> 65.0 C  (min=59.0, max=66.0)
wrote: /root/kurnianto/pia-speed_compare/results/ftpe_NVIDIA_RTX_A5000_b34_t3_20260519_161436.json
