[FT_PE_INT8] INT8 engine:        assets/QAT/ftpe/engines/int8_ftpe_dyn_b4-128_t3_crl.engine
[FT_PE_INT8] BF16 bootstrap:     assets/model/FT_PE-Core-L14-336_260318_vision_no_mean_pooling.engine
[FT_PE_INT8] text features:      assets/model/FT_text_features.json
[FT_PE_INT8] batch=12 frames=3 warmup=5 iters=25
/root/miniconda3/envs/pia-speed/lib/python3.12/site-packages/torch/cuda/__init__.py:61: FutureWarning: The pynvml package is deprecated. Please install nvidia-ml-py instead. If you did not install pynvml directly, please report this to the maintainers of the package that installed pynvml for you.
  import pynvml  # type: ignore[import]
model:  FT_PE_INT8 (T=3 canonical)  via FTPEService._detect (model swapped)
engine: assets/QAT/ftpe/engines/int8_ftpe_dyn_b4-128_t3_crl.engine
bootstrap engine: assets/model/FT_PE-Core-L14-336_260318_vision_no_mean_pooling.engine
txtfts: assets/model/FT_text_features.json
T:      3  (window_size driven by --frames)
image:  /root/kurnianto/pia-speed_compare/assets/images/kkpolice_1.jpg
gpu:    NVIDIA RTX A5000  (sm 8.6, 24247 MiB)
batch:  12  frames: 3  warmup: 5  iters: 25
start:  2026-05-20T03:56:17
[pool] generated 840 frames = 70 batches × 12  (5.23 GB)  (includes buffer_warmup=13 for T=3)

  full_cycle              mean= 293.827 ms  std= 11.575  p95= 306.892 ms  thr=  122.5 img/s
  half_cycle              mean= 264.161 ms  std=  4.767  p95= 270.531 ms  thr=  136.3 img/s
  inference               mean= 176.853 ms  std=  0.666  p95= 177.923 ms  thr=  203.6 img/s
  input_gen_and_load      mean=  83.474 ms  std=  7.672  p95=  93.569 ms  thr=  431.3 img/s
  cos_sim                 mean=   0.582 ms  std=  0.057  p95=   0.692 ms  thr=61855.7 img/s

GPU temp: 54.0 -> 58.0 C  (min=53.0, max=59.0)
wrote: /root/kurnianto/pia-speed_compare/results/ftpe_int8_NVIDIA_RTX_A5000_b12_t3_20260520_035617.json
[FT_PE_INT8] cos/MSE check skipped (SKIP_COS=1)
