[FT_PE] engine: assets/model/FT_PE-Core-L14-336_260318_vision_no_mean_pooling.engine
[FT_PE] text features: assets/model/FT_text_features.json
[FT_PE] batch=14 frames=3 warmup=5 iters=25
[prepare] ONNX already at assets/model/FT_text_features.json (2.1 MB)
[prepare] engine already at assets/model/FT_PE-Core-L14-336_260318_vision_no_mean_pooling.engine (646.2 MB) - skipping
model:  FT_PE (ft_pe)  via FTPEService._detect
engine: assets/model/FT_PE-Core-L14-336_260318_vision_no_mean_pooling.engine
txtfts: assets/model/FT_text_features.json
T:      3  (window_size driven by --frames)
image:  /home/piawsa6000/kurnianto/pia-speed_compare/assets/images/kkpolice_1.jpg
gpu:    NVIDIA RTX A6000  (sm 8.6, 48676 MiB)
batch:  14  frames: 3  warmup: 5  iters: 25
start:  2026-05-20T00:33:46
[pool] generated 602 frames = 43 batches × 14  (3.74 GB)  (includes buffer_warmup=13 for T=3)

  full_cycle   mean= 253.955 ms  std= 12.454  p95= 268.305 ms  thr=  165.4 img/s
  half_cycle   mean= 253.494 ms  std= 12.461  p95= 267.848 ms  thr=  165.7 img/s
  inference    mean= 192.276 ms  std=  0.871  p95= 193.645 ms  thr=  218.4 img/s
  input_gen_and_load  mean=  76.463 ms  std= 11.305  p95=  87.611 ms  thr=  549.3 img/s
  cos_sim      mean=   0.300 ms  std=  0.012  p95=   0.315 ms  thr=140000.0 img/s

GPU temp: 34.0 -> 34.0 C  (min=34.0, max=34.0)
wrote: /home/piawsa6000/kurnianto/pia-speed_compare/results/ftpe_NVIDIA_RTX_A6000_b14_t3_20260520_003346.json
