[FT_PE] engine: assets/model/FT_PE-Core-L14-336_260318_vision_no_mean_pooling.engine
[FT_PE] text features: assets/model/FT_text_features.json
[FT_PE] batch=18 frames=3 warmup=5 iters=25
[prepare] ONNX already at assets/model/FT_text_features.json (2.1 MB)
[prepare] engine already at assets/model/FT_PE-Core-L14-336_260318_vision_no_mean_pooling.engine (642.9 MB) - skipping
/root/miniconda3/envs/pia-speed/lib/python3.12/site-packages/torch/cuda/__init__.py:61: FutureWarning: The pynvml package is deprecated. Please install nvidia-ml-py instead. If you did not install pynvml directly, please report this to the maintainers of the package that installed pynvml for you.
  import pynvml  # type: ignore[import]
model:  FT_PE (ft_pe)  via FTPEService._detect
engine: assets/model/FT_PE-Core-L14-336_260318_vision_no_mean_pooling.engine
txtfts: assets/model/FT_text_features.json
T:      3  (window_size driven by --frames)
image:  /root/kurnianto/pia-speed_compare/assets/images/kkpolice_1.jpg
gpu:    NVIDIA RTX A5000  (sm 8.6, 24247 MiB)
batch:  18  frames: 3  warmup: 5  iters: 25
start:  2026-05-19T15:35:41
[pool] generated 774 frames = 43 batches × 18  (4.81 GB)  (includes buffer_warmup=13 for T=3)

  full_cycle   mean= 542.233 ms  std= 30.161  p95= 597.751 ms  thr=   99.6 img/s
  half_cycle   mean= 541.479 ms  std= 30.150  p95= 596.851 ms  thr=   99.7 img/s
  inference    mean= 352.927 ms  std=  1.899  p95= 355.575 ms  thr=  153.0 img/s
  input_gen_and_load  mean= 140.202 ms  std= 18.229  p95= 159.773 ms  thr=  385.2 img/s
  cos_sim      mean=   0.434 ms  std=  0.036  p95=   0.488 ms  thr=124424.0 img/s

GPU temp: 52.0 -> 58.0 C  (min=51.0, max=58.0)
wrote: /root/kurnianto/pia-speed_compare/results/ftpe_NVIDIA_RTX_A5000_b18_t3_20260519_153541.json
