[FT_PE] engine: assets/model/FT_PE-Core-L14-336_260318_vision_no_mean_pooling.engine
[FT_PE] text features: assets/model/FT_text_features.json
[FT_PE] batch=54 frames=3 warmup=5 iters=25
[prepare] ONNX already at assets/model/FT_text_features.json (2.1 MB)
[prepare] engine already at assets/model/FT_PE-Core-L14-336_260318_vision_no_mean_pooling.engine (646.2 MB) - skipping
model:  FT_PE (ft_pe)  via FTPEService._detect
engine: assets/model/FT_PE-Core-L14-336_260318_vision_no_mean_pooling.engine
txtfts: assets/model/FT_text_features.json
T:      3  (window_size driven by --frames)
image:  /home/piawsa6000/kurnianto/pia-speed_compare/assets/images/kkpolice_1.jpg
gpu:    NVIDIA RTX A6000  (sm 8.6, 48676 MiB)
batch:  54  frames: 3  warmup: 5  iters: 25
start:  2026-05-20T02:53:18
[pool] generated 2322 frames = 43 batches × 54  (14.44 GB)  (includes buffer_warmup=13 for T=3)

  full_cycle   mean= 943.511 ms  std= 20.117  p95= 948.188 ms  thr=  171.7 img/s
  half_cycle   mean= 942.967 ms  std= 20.114  p95= 947.642 ms  thr=  171.8 img/s
  inference    mean= 761.606 ms  std=  3.434  p95= 766.369 ms  thr=  212.7 img/s
  input_gen_and_load  mean= 251.344 ms  std= 18.647  p95= 253.024 ms  thr=  644.5 img/s
  cos_sim      mean=   0.311 ms  std=  0.017  p95=   0.336 ms  thr=520900.3 img/s

GPU temp: 34.0 -> 33.0 C  (min=33.0, max=34.0)
wrote: /home/piawsa6000/kurnianto/pia-speed_compare/results/ftpe_NVIDIA_RTX_A6000_b54_t3_20260520_025318.json
