[FT_PE] engine: assets/model/FT_PE-Core-L14-336_260318_vision_no_mean_pooling.engine
[FT_PE] text features: assets/model/FT_text_features.json
[FT_PE] batch=66 frames=3 warmup=5 iters=25
[prepare] ONNX already at assets/model/FT_text_features.json (2.1 MB)
[prepare] engine already at assets/model/FT_PE-Core-L14-336_260318_vision_no_mean_pooling.engine (646.2 MB) - skipping
model:  FT_PE (ft_pe)  via FTPEService._detect
engine: assets/model/FT_PE-Core-L14-336_260318_vision_no_mean_pooling.engine
txtfts: assets/model/FT_text_features.json
T:      3  (window_size driven by --frames)
image:  /home/piawsa6000/kurnianto/pia-speed_compare/assets/images/kkpolice_1.jpg
gpu:    NVIDIA RTX A6000  (sm 8.6, 48676 MiB)
batch:  66  frames: 3  warmup: 5  iters: 25
start:  2026-05-20T03:49:43
[pool] generated 2838 frames = 43 batches × 66  (17.65 GB)  (includes buffer_warmup=13 for T=3)

  full_cycle   mean=1222.963 ms  std= 61.057  p95=1290.857 ms  thr=  161.9 img/s
  half_cycle   mean=1222.378 ms  std= 61.051  p95=1290.275 ms  thr=  162.0 img/s
  inference    mean= 930.795 ms  std=  4.038  p95= 935.859 ms  thr=  212.7 img/s
  input_gen_and_load  mean= 362.612 ms  std= 57.380  p95= 420.197 ms  thr=  546.0 img/s
  cos_sim      mean=   0.313 ms  std=  0.014  p95=   0.332 ms  thr=632587.9 img/s

GPU temp: 33.0 -> 33.0 C  (min=33.0, max=34.0)
wrote: /home/piawsa6000/kurnianto/pia-speed_compare/results/ftpe_NVIDIA_RTX_A6000_b66_t3_20260520_034943.json
