[FT_PE] engine: assets/model/FT_PE-Core-L14-336_260318_vision_no_mean_pooling.engine
[FT_PE] text features: assets/model/FT_text_features.json
[FT_PE] batch=50 frames=3 warmup=5 iters=25
[prepare] ONNX already at assets/model/FT_text_features.json (2.1 MB)
[prepare] engine already at assets/model/FT_PE-Core-L14-336_260318_vision_no_mean_pooling.engine (642.9 MB) - skipping
/root/miniconda3/envs/pia-speed/lib/python3.12/site-packages/torch/cuda/__init__.py:61: FutureWarning: The pynvml package is deprecated. Please install nvidia-ml-py instead. If you did not install pynvml directly, please report this to the maintainers of the package that installed pynvml for you.
  import pynvml  # type: ignore[import]
model:  FT_PE (ft_pe)  via FTPEService._detect
engine: assets/model/FT_PE-Core-L14-336_260318_vision_no_mean_pooling.engine
txtfts: assets/model/FT_text_features.json
T:      3  (window_size driven by --frames)
image:  /root/kurnianto/pia-speed_compare/assets/images/kkpolice_1.jpg
gpu:    NVIDIA RTX A5000  (sm 8.6, 24247 MiB)
batch:  50  frames: 3  warmup: 5  iters: 25
start:  2026-05-19T17:00:38
[pool] generated 2150 frames = 43 batches × 50  (13.37 GB)  (includes buffer_warmup=13 for T=3)

  full_cycle   mean=1378.239 ms  std= 61.903  p95=1452.204 ms  thr=  108.8 img/s
  half_cycle   mean=1377.649 ms  std= 61.899  p95=1451.596 ms  thr=  108.9 img/s
  inference    mean=1002.140 ms  std=  5.310  p95=1009.645 ms  thr=  149.7 img/s
  input_gen_and_load  mean= 260.524 ms  std= 27.910  p95= 288.027 ms  thr=  575.8 img/s
  cos_sim      mean=   0.275 ms  std=  0.024  p95=   0.310 ms  thr=545454.6 img/s

GPU temp: 63.0 -> 67.0 C  (min=62.0, max=68.0)
wrote: /root/kurnianto/pia-speed_compare/results/ftpe_NVIDIA_RTX_A5000_b50_t3_20260519_170038.json
