[FT_PE] engine: assets/model/FT_PE-Core-L14-336_260318_vision_no_mean_pooling.engine
[FT_PE] text features: assets/model/FT_text_features.json
[FT_PE] batch=48 frames=3 warmup=5 iters=25
[prepare] ONNX already at assets/model/FT_text_features.json (2.1 MB)
[prepare] engine already at assets/model/FT_PE-Core-L14-336_260318_vision_no_mean_pooling.engine (642.9 MB) - skipping
/root/miniconda3/envs/pia-speed/lib/python3.12/site-packages/torch/cuda/__init__.py:61: FutureWarning: The pynvml package is deprecated. Please install nvidia-ml-py instead. If you did not install pynvml directly, please report this to the maintainers of the package that installed pynvml for you.
  import pynvml  # type: ignore[import]
model:  FT_PE (ft_pe)  via FTPEService._detect
engine: assets/model/FT_PE-Core-L14-336_260318_vision_no_mean_pooling.engine
txtfts: assets/model/FT_text_features.json
T:      3  (window_size driven by --frames)
image:  /root/kurnianto/pia-speed_compare/assets/images/kkpolice_1.jpg
gpu:    NVIDIA RTX A5000  (sm 8.6, 24247 MiB)
batch:  48  frames: 3  warmup: 5  iters: 25
start:  2026-05-19T16:54:31
[pool] generated 2064 frames = 43 batches × 48  (12.84 GB)  (includes buffer_warmup=13 for T=3)

  full_cycle   mean=1322.685 ms  std= 63.508  p95=1399.652 ms  thr=  108.9 img/s
  half_cycle   mean=1322.087 ms  std= 63.505  p95=1399.071 ms  thr=  108.9 img/s
  inference    mean= 969.803 ms  std=  8.371  p95= 978.057 ms  thr=  148.5 img/s
  input_gen_and_load  mean= 246.871 ms  std= 27.550  p95= 275.868 ms  thr=  583.3 img/s
  cos_sim      mean=   0.286 ms  std=  0.019  p95=   0.322 ms  thr=503496.5 img/s

GPU temp: 63.0 -> 68.0 C  (min=62.0, max=68.0)
wrote: /root/kurnianto/pia-speed_compare/results/ftpe_NVIDIA_RTX_A5000_b48_t3_20260519_165431.json
