[FT_PE_INT8] INT8 engine:        assets/QAT/ftpe/engines/int8_ftpe_dyn_b4-128_t3_crl.engine
[FT_PE_INT8] BF16 bootstrap:     assets/model/FT_PE-Core-L14-336_260318_vision_no_mean_pooling.engine
[FT_PE_INT8] text features:      assets/model/FT_text_features.json
[FT_PE_INT8] batch=68 frames=3 warmup=5 iters=25
model:  FT_PE_INT8 (T=3 canonical)  via FTPEService._detect (model swapped)
engine: assets/QAT/ftpe/engines/int8_ftpe_dyn_b4-128_t3_crl.engine
bootstrap engine: assets/model/FT_PE-Core-L14-336_260318_vision_no_mean_pooling.engine
txtfts: assets/model/FT_text_features.json
T:      3  (window_size driven by --frames)
image:  /home/piawsa6000/kurnianto/pia-speed_compare/assets/images/kkpolice_1.jpg
gpu:    NVIDIA RTX A6000  (sm 8.6, 48676 MiB)
batch:  68  frames: 3  warmup: 5  iters: 25
start:  2026-05-20T04:02:49
[pool] generated 4760 frames = 70 batches × 68  (29.61 GB)  (includes buffer_warmup=13 for T=3)

  full_cycle              mean= 992.478 ms  std=  5.014  p95= 998.936 ms  thr=  205.6 img/s
  half_cycle              mean= 991.391 ms  std=  4.665  p95= 997.437 ms  thr=  205.8 img/s
  inference               mean= 764.206 ms  std=  4.366  p95= 768.398 ms  thr=  266.9 img/s
  input_gen_and_load      mean= 313.407 ms  std=  4.626  p95= 325.050 ms  thr=  650.9 img/s
  cos_sim                 mean=   0.313 ms  std=  0.014  p95=   0.332 ms  thr=651757.2 img/s

GPU temp: 34.0 -> 33.0 C  (min=33.0, max=34.0)
wrote: /home/piawsa6000/kurnianto/pia-speed_compare/results/ftpe_int8_NVIDIA_RTX_A6000_b68_t3_20260520_040249.json

[FT_PE_INT8] === random-image cos/MSE vs PT BF16 ===
[FT_PE_INT8] engines:    assets/QAT/ftpe/engines
[FT_PE_INT8] PT ckpt:    src/FTPE_INT8/.hf_cache/ftpe/splitqkv_qat_t3/qat_deploy_fp32.pt
[FT_PE_INT8] B=68  T=3  iters=5  min_cos=0.99  max_mse=1e-3
[05/20/2026-04:05:28] [TRT] [W] Using default stream in enqueueV3() may lead to performance issues due to additional calls to cudaStreamSynchronize() by TensorRT to ensure correct synchronization. Please use non-default stream instead.
[05/20/2026-04:05:33] [TRT] [W] Using default stream in enqueueV3() may lead to performance issues due to additional calls to cudaStreamSynchronize() by TensorRT to ensure correct synchronization. Please use non-default stream instead.
[05/20/2026-04:05:37] [TRT] [W] Using default stream in enqueueV3() may lead to performance issues due to additional calls to cudaStreamSynchronize() by TensorRT to ensure correct synchronization. Please use non-default stream instead.
[test] config=PE-Core-L14-336  B=68  T=3  BT=204  iters=5
[test] ft_ckpt: src/FTPE_INT8/.hf_cache/ftpe/splitqkv_qat_t3/qat_deploy_fp32.pt
[test] engine_dir: assets/QAT/ftpe/engines
[test] loading PT BF16 reference ...
   [ft_loader] detected QKV layout: split  arch: PE-Core-L14-336-splitqkv
[test] PT BF16 loaded in 5.4s  (image_size=336)
[test] found 3 engines: ['bf16_ftpe_dyn_b4-128_t3.engine', 'int8_ftpe_dyn_b4-128_t3.engine', 'int8_ftpe_dyn_b4-128_t3_crl.engine']

[test] precomputing 5 random-batch PT references ...
[test] freeing PT BF16 to make room for TRT contexts ...
  bf16_ftpe_dyn_b4-128_t3: iter-0 cos=1.0000
  int8_ftpe_dyn_b4-128_t3: iter-0 cos=0.9691
  int8_ftpe_dyn_b4-128_t3_crl: iter-0 cos=0.9912

[test] results (mean over 5 iters)

  engine                                                   cos          mse   verdict
  --------------------------------------------------------------------------------
  bf16_ftpe_dyn_b4-128_t3                             0.999956    8.835e-08   PASS
  int8_ftpe_dyn_b4-128_t3                             0.969129    6.029e-05   FAIL
  int8_ftpe_dyn_b4-128_t3_crl                         0.991233    1.713e-05   PASS

[test] thresholds: cos >= 0.99   mse <= 1e-03
[test] appended cos_mse section to: /home/piawsa6000/kurnianto/pia-speed_compare/results/ftpe_int8_NVIDIA_RTX_A6000_b68_t3_20260520_040249.json
[test] FAIL — one or more engines did not meet the threshold
[FT_PE_INT8] cos/MSE check exited non-zero (engine(s) below threshold)
