[FT_PE] engine: assets/model/FT_PE-Core-L14-336_260318_vision_no_mean_pooling.engine
[FT_PE] text features: assets/model/FT_text_features.json
[FT_PE] batch=12 frames=3 warmup=5 iters=25
[prepare] ONNX already at assets/model/FT_text_features.json (2.1 MB)
[prepare] engine already at assets/model/FT_PE-Core-L14-336_260318_vision_no_mean_pooling.engine (646.2 MB) - skipping
model:  FT_PE (ft_pe)  via FTPEService._detect
engine: assets/model/FT_PE-Core-L14-336_260318_vision_no_mean_pooling.engine
txtfts: assets/model/FT_text_features.json
T:      3  (window_size driven by --frames)
image:  /home/piawsa6000/kurnianto/pia-speed_compare/assets/images/kkpolice_1.jpg
gpu:    NVIDIA RTX A6000  (sm 8.6, 48676 MiB)
batch:  12  frames: 3  warmup: 5  iters: 25
start:  2026-05-20T00:28:40
[pool] generated 516 frames = 43 batches × 12  (3.21 GB)  (includes buffer_warmup=13 for T=3)

  full_cycle   mean= 216.869 ms  std= 10.717  p95= 228.661 ms  thr=  166.0 img/s
  half_cycle   mean= 216.396 ms  std= 10.734  p95= 228.223 ms  thr=  166.4 img/s
  inference    mean= 163.413 ms  std=  0.765  p95= 164.391 ms  thr=  220.3 img/s
  input_gen_and_load  mean=  65.781 ms  std= 10.386  p95=  77.524 ms  thr=  547.3 img/s
  cos_sim      mean=   0.291 ms  std=  0.016  p95=   0.316 ms  thr=123711.3 img/s

GPU temp: 34.0 -> 34.0 C  (min=34.0, max=34.0)
wrote: /home/piawsa6000/kurnianto/pia-speed_compare/results/ftpe_NVIDIA_RTX_A6000_b12_t3_20260520_002840.json
