[FT_PE] engine: assets/model/FT_PE-Core-L14-336_260318_vision_no_mean_pooling.engine
[FT_PE] text features: assets/model/FT_text_features.json
[FT_PE] batch=40 frames=3 warmup=5 iters=25
[prepare] ONNX already at assets/model/FT_text_features.json (2.1 MB)
[prepare] engine already at assets/model/FT_PE-Core-L14-336_260318_vision_no_mean_pooling.engine (646.2 MB) - skipping
model:  FT_PE (ft_pe)  via FTPEService._detect
engine: assets/model/FT_PE-Core-L14-336_260318_vision_no_mean_pooling.engine
txtfts: assets/model/FT_text_features.json
T:      3  (window_size driven by --frames)
image:  /home/piawsa6000/kurnianto/pia-speed_compare/assets/images/kkpolice_1.jpg
gpu:    NVIDIA RTX A6000  (sm 8.6, 48676 MiB)
batch:  40  frames: 3  warmup: 5  iters: 25
start:  2026-05-20T01:56:03
[pool] generated 1720 frames = 43 batches × 40  (10.70 GB)  (includes buffer_warmup=13 for T=3)

  full_cycle   mean= 732.998 ms  std= 36.424  p95= 775.025 ms  thr=  163.7 img/s
  half_cycle   mean= 732.494 ms  std= 36.430  p95= 774.520 ms  thr=  163.8 img/s
  inference    mean= 561.706 ms  std=  3.271  p95= 565.442 ms  thr=  213.6 img/s
  input_gen_and_load  mean= 222.040 ms  std= 37.555  p95= 261.825 ms  thr=  540.4 img/s
  cos_sim      mean=   0.305 ms  std=  0.016  p95=   0.329 ms  thr=393442.6 img/s

GPU temp: 34.0 -> 33.0 C  (min=33.0, max=34.0)
wrote: /home/piawsa6000/kurnianto/pia-speed_compare/results/ftpe_NVIDIA_RTX_A6000_b40_t3_20260520_015603.json
