[FT_PE] engine: assets/model/FT_PE-Core-L14-336_260318_vision_no_mean_pooling.engine
[FT_PE] text features: assets/model/FT_text_features.json
[FT_PE] batch=52 frames=3 warmup=5 iters=25
[prepare] ONNX already at assets/model/FT_text_features.json (2.1 MB)
[prepare] engine already at assets/model/FT_PE-Core-L14-336_260318_vision_no_mean_pooling.engine (646.2 MB) - skipping
model:  FT_PE (ft_pe)  via FTPEService._detect
engine: assets/model/FT_PE-Core-L14-336_260318_vision_no_mean_pooling.engine
txtfts: assets/model/FT_text_features.json
T:      3  (window_size driven by --frames)
image:  /home/piawsa6000/kurnianto/pia-speed_compare/assets/images/kkpolice_1.jpg
gpu:    NVIDIA RTX A6000  (sm 8.6, 48676 MiB)
batch:  52  frames: 3  warmup: 5  iters: 25
start:  2026-05-20T02:44:34
[pool] generated 2236 frames = 43 batches × 52  (13.91 GB)  (includes buffer_warmup=13 for T=3)

  full_cycle   mean= 908.375 ms  std= 18.784  p95= 908.710 ms  thr=  171.7 img/s
  half_cycle   mean= 907.840 ms  std= 18.781  p95= 908.181 ms  thr=  171.8 img/s
  inference    mean= 732.462 ms  std=  4.184  p95= 737.302 ms  thr=  213.0 img/s
  input_gen_and_load  mean= 242.322 ms  std= 17.618  p95= 246.918 ms  thr=  643.8 img/s
  cos_sim      mean=   0.316 ms  std=  0.024  p95=   0.332 ms  thr=493670.9 img/s

GPU temp: 34.0 -> 33.0 C  (min=33.0, max=34.0)
wrote: /home/piawsa6000/kurnianto/pia-speed_compare/results/ftpe_NVIDIA_RTX_A6000_b52_t3_20260520_024434.json
