[FT_PE] engine: assets/model/FT_PE-Core-L14-336_260318_vision_no_mean_pooling.engine
[FT_PE] text features: assets/model/FT_text_features.json
[FT_PE] batch=70 frames=3 warmup=5 iters=25
[prepare] ONNX already at assets/model/FT_text_features.json (2.1 MB)
[prepare] engine already at assets/model/FT_PE-Core-L14-336_260318_vision_no_mean_pooling.engine (646.2 MB) - skipping
model:  FT_PE (ft_pe)  via FTPEService._detect
engine: assets/model/FT_PE-Core-L14-336_260318_vision_no_mean_pooling.engine
txtfts: assets/model/FT_text_features.json
T:      3  (window_size driven by --frames)
image:  /home/piawsa6000/kurnianto/pia-speed_compare/assets/images/kkpolice_1.jpg
gpu:    NVIDIA RTX A6000  (sm 8.6, 48676 MiB)
batch:  70  frames: 3  warmup: 5  iters: 25
start:  2026-05-20T04:10:08
[pool] generated 3010 frames = 43 batches × 70  (18.72 GB)  (includes buffer_warmup=13 for T=3)

  full_cycle   mean=1300.015 ms  std= 65.022  p95=1371.451 ms  thr=  161.5 img/s
  half_cycle   mean=1299.416 ms  std= 65.018  p95=1370.820 ms  thr=  161.6 img/s
  inference    mean= 988.645 ms  std=  4.051  p95= 992.985 ms  thr=  212.4 img/s
  input_gen_and_load  mean= 384.720 ms  std= 61.222  p95= 450.660 ms  thr=  545.9 img/s
  cos_sim      mean=   0.316 ms  std=  0.014  p95=   0.337 ms  thr=664557.0 img/s

GPU temp: 33.0 -> 33.0 C  (min=33.0, max=34.0)
wrote: /home/piawsa6000/kurnianto/pia-speed_compare/results/ftpe_NVIDIA_RTX_A6000_b70_t3_20260520_041008.json
