[FT_PE] engine: assets/model/FT_PE-Core-L14-336_260318_vision_no_mean_pooling.engine
[FT_PE] text features: assets/model/FT_text_features.json
[FT_PE] batch=62 frames=3 warmup=5 iters=25
[prepare] ONNX already at assets/model/FT_text_features.json (2.1 MB)
[prepare] engine already at assets/model/FT_PE-Core-L14-336_260318_vision_no_mean_pooling.engine (646.2 MB) - skipping
model:  FT_PE (ft_pe)  via FTPEService._detect
engine: assets/model/FT_PE-Core-L14-336_260318_vision_no_mean_pooling.engine
txtfts: assets/model/FT_text_features.json
T:      3  (window_size driven by --frames)
image:  /home/piawsa6000/kurnianto/pia-speed_compare/assets/images/kkpolice_1.jpg
gpu:    NVIDIA RTX A6000  (sm 8.6, 48676 MiB)
batch:  62  frames: 3  warmup: 5  iters: 25
start:  2026-05-20T03:30:12
[pool] generated 2666 frames = 43 batches × 62  (16.58 GB)  (includes buffer_warmup=13 for T=3)

  full_cycle   mean=1148.060 ms  std= 57.064  p95=1211.832 ms  thr=  162.0 img/s
  half_cycle   mean=1147.497 ms  std= 57.066  p95=1211.263 ms  thr=  162.1 img/s
  inference    mean= 871.705 ms  std=  3.879  p95= 876.316 ms  thr=  213.4 img/s
  input_gen_and_load  mean= 339.744 ms  std= 53.161  p95= 392.969 ms  thr=  547.5 img/s
  cos_sim      mean=   0.317 ms  std=  0.016  p95=   0.340 ms  thr=586750.8 img/s

GPU temp: 34.0 -> 33.0 C  (min=33.0, max=34.0)
wrote: /home/piawsa6000/kurnianto/pia-speed_compare/results/ftpe_NVIDIA_RTX_A6000_b62_t3_20260520_033012.json
