[FT_PE] engine: assets/model/FT_PE-Core-L14-336_260318_vision_no_mean_pooling.engine
[FT_PE] text features: assets/model/FT_text_features.json
[FT_PE] batch=16 frames=3 warmup=5 iters=25
[prepare] ONNX already at assets/model/FT_text_features.json (2.1 MB)
[prepare] engine already at assets/model/FT_PE-Core-L14-336_260318_vision_no_mean_pooling.engine (646.2 MB) - skipping
model:  FT_PE (ft_pe)  via FTPEService._detect
engine: assets/model/FT_PE-Core-L14-336_260318_vision_no_mean_pooling.engine
txtfts: assets/model/FT_text_features.json
T:      3  (window_size driven by --frames)
image:  /home/piawsa6000/kurnianto/pia-speed_compare/assets/images/kkpolice_1.jpg
gpu:    NVIDIA RTX A6000  (sm 8.6, 48676 MiB)
batch:  16  frames: 3  warmup: 5  iters: 25
start:  2026-05-20T00:38:54
[pool] generated 688 frames = 43 batches × 16  (4.28 GB)  (includes buffer_warmup=13 for T=3)

  full_cycle   mean= 277.232 ms  std= 14.790  p95= 293.945 ms  thr=  173.1 img/s
  half_cycle   mean= 276.777 ms  std= 14.788  p95= 293.449 ms  thr=  173.4 img/s
  inference    mean= 205.351 ms  std=  0.852  p95= 206.559 ms  thr=  233.8 img/s
  input_gen_and_load  mean=  87.842 ms  std= 12.940  p95= 100.714 ms  thr=  546.4 img/s
  cos_sim      mean=   0.293 ms  std=  0.011  p95=   0.308 ms  thr=163822.5 img/s

GPU temp: 34.0 -> 34.0 C  (min=34.0, max=34.0)
wrote: /home/piawsa6000/kurnianto/pia-speed_compare/results/ftpe_NVIDIA_RTX_A6000_b16_t3_20260520_003854.json
