[FT_PE] engine: assets/model/FT_PE-Core-L14-336_260318_vision_no_mean_pooling.engine
[FT_PE] text features: assets/model/FT_text_features.json
[FT_PE] batch=30 frames=3 warmup=5 iters=25
[prepare] ONNX already at assets/model/FT_text_features.json (2.1 MB)
[prepare] engine already at assets/model/FT_PE-Core-L14-336_260318_vision_no_mean_pooling.engine (642.9 MB) - skipping
/root/miniconda3/envs/pia-speed/lib/python3.12/site-packages/torch/cuda/__init__.py:61: FutureWarning: The pynvml package is deprecated. Please install nvidia-ml-py instead. If you did not install pynvml directly, please report this to the maintainers of the package that installed pynvml for you.
  import pynvml  # type: ignore[import]
model:  FT_PE (ft_pe)  via FTPEService._detect
engine: assets/model/FT_PE-Core-L14-336_260318_vision_no_mean_pooling.engine
txtfts: assets/model/FT_text_features.json
T:      3  (window_size driven by --frames)
image:  /root/kurnianto/pia-speed_compare/assets/images/kkpolice_1.jpg
gpu:    NVIDIA RTX A5000  (sm 8.6, 24247 MiB)
batch:  30  frames: 3  warmup: 5  iters: 25
start:  2026-05-19T16:04:10
[pool] generated 1290 frames = 43 batches × 30  (8.02 GB)  (includes buffer_warmup=13 for T=3)

  full_cycle   mean= 896.173 ms  std= 40.417  p95= 948.176 ms  thr=  100.4 img/s
  half_cycle   mean= 895.328 ms  std= 40.415  p95= 947.302 ms  thr=  100.5 img/s
  inference    mean= 591.193 ms  std=  2.289  p95= 594.650 ms  thr=  152.2 img/s
  input_gen_and_load  mean= 232.161 ms  std= 28.755  p95= 261.119 ms  thr=  387.7 img/s
  cos_sim      mean=   0.453 ms  std=  0.041  p95=   0.499 ms  thr=198675.5 img/s

GPU temp: 57.0 -> 62.0 C  (min=55.0, max=62.0)
wrote: /root/kurnianto/pia-speed_compare/results/ftpe_NVIDIA_RTX_A5000_b30_t3_20260519_160410.json
