[PE] engine: assets/model/PE-Core-L14-336.engine
[PE] text features: assets/model/text_features.json
[PE] batch=40 warmup=5 iters=25
[prepare] ONNX already at assets/model/text_features.json (473.3 MB)
[prepare] engine already at assets/model/PE-Core-L14-336.engine (642.0 MB) - skipping
model:  PE (perception_encoder)  via PEService._detect
engine: assets/model/PE-Core-L14-336.engine
txtfts: assets/model/text_features.json
image:  /home/piawsa6000/kurnianto/pia-speed_compare/assets/images/kkpolice_1.jpg
gpu:    NVIDIA RTX A6000  (sm 8.6, 48676 MiB)
batch:  40    warmup: 5    iters: 25
start:  2026-05-20T01:55:20
[pool] generated 1200 frames = 30 batches × 40  (7.46 GB)

  full_cycle   mean= 465.452 ms  std=  2.884  p95= 473.613 ms  thr=   85.9 img/s
  half_cycle   mean= 450.827 ms  std=  2.871  p95= 458.577 ms  thr=   88.7 img/s
  inference    mean= 316.082 ms  std=  1.665  p95= 318.898 ms  thr=  126.5 img/s
  input_gen_and_load  mean= 183.340 ms  std=  2.113  p95= 186.343 ms  thr=  218.2 img/s
  cos_sim      mean=   3.417 ms  std=  0.017  p95=   3.450 ms  thr=11706.2 img/s

GPU temp: 34.0 -> 34.0 C  (min=34.0, max=34.0)
wrote: /home/piawsa6000/kurnianto/pia-speed_compare/results/pe_NVIDIA_RTX_A6000_b40_20260520_015520.json
