[PE] engine: assets/model/PE-Core-L14-336.engine
[PE] text features: assets/model/text_features.json
[PE] batch=54 warmup=5 iters=25
[prepare] ONNX already at assets/model/text_features.json (473.3 MB)
[prepare] engine already at assets/model/PE-Core-L14-336.engine (642.1 MB) - skipping
/root/miniconda3/envs/pia-speed/lib/python3.12/site-packages/torch/cuda/__init__.py:61: FutureWarning: The pynvml package is deprecated. Please install nvidia-ml-py instead. If you did not install pynvml directly, please report this to the maintainers of the package that installed pynvml for you.
  import pynvml  # type: ignore[import]
model:  PE (perception_encoder)  via PEService._detect
engine: assets/model/PE-Core-L14-336.engine
txtfts: assets/model/text_features.json
image:  /root/kurnianto/pia-speed_compare/assets/images/kkpolice_1.jpg
gpu:    NVIDIA RTX A5000  (sm 8.6, 24247 MiB)
batch:  54    warmup: 5    iters: 25
start:  2026-05-19T17:11:50
[pool] generated 1620 frames = 30 batches × 54  (10.08 GB)

  full_cycle   mean= 966.034 ms  std= 48.383  p95=1005.214 ms  thr=   55.9 img/s
  half_cycle   mean= 940.277 ms  std= 48.402  p95= 979.527 ms  thr=   57.4 img/s
  inference    mean= 570.517 ms  std=  3.579  p95= 576.353 ms  thr=   94.7 img/s
  input_gen_and_load  mean= 358.571 ms  std= 29.699  p95= 414.469 ms  thr=  150.6 img/s
  cos_sim      mean=   4.746 ms  std=  0.047  p95=   4.811 ms  thr=11378.0 img/s

GPU temp: 46.0 -> 60.0 C  (min=45.0, max=60.0)
wrote: /root/kurnianto/pia-speed_compare/results/pe_NVIDIA_RTX_A5000_b54_20260519_171150.json
