[PE] engine: assets/model/PE-Core-L14-336.engine
[PE] text features: assets/model/text_features.json
[PE] batch=10 warmup=5 iters=25
[prepare] ONNX already at assets/model/text_features.json (473.3 MB)
[prepare] engine already at assets/model/PE-Core-L14-336.engine (642.1 MB) - skipping
/root/miniconda3/envs/pia-speed/lib/python3.12/site-packages/torch/cuda/__init__.py:61: FutureWarning: The pynvml package is deprecated. Please install nvidia-ml-py instead. If you did not install pynvml directly, please report this to the maintainers of the package that installed pynvml for you.
  import pynvml  # type: ignore[import]
model:  PE (perception_encoder)  via PEService._detect
engine: assets/model/PE-Core-L14-336.engine
txtfts: assets/model/text_features.json
image:  /root/kurnianto/pia-speed_compare/assets/images/kkpolice_1.jpg
gpu:    NVIDIA RTX A5000  (sm 8.6, 24247 MiB)
batch:  10    warmup: 5    iters: 25
start:  2026-05-19T15:18:38
[pool] generated 300 frames = 30 batches × 10  (1.87 GB)

  full_cycle   mean= 200.924 ms  std= 18.687  p95= 230.927 ms  thr=   49.8 img/s
  half_cycle   mean= 195.572 ms  std= 18.435  p95= 225.721 ms  thr=   51.1 img/s
  inference    mean= 106.454 ms  std=  0.439  p95= 107.218 ms  thr=   93.9 img/s
  input_gen_and_load  mean=  68.213 ms  std=  4.489  p95=  74.850 ms  thr=  146.6 img/s
  cos_sim      mean=   1.071 ms  std=  0.097  p95=   1.255 ms  thr= 9337.1 img/s

GPU temp: 48.0 -> 52.0 C  (min=48.0, max=52.0)
wrote: /root/kurnianto/pia-speed_compare/results/pe_NVIDIA_RTX_A5000_b10_20260519_151838.json
