[PE] engine: assets/model/PE-Core-L14-336.engine
[PE] text features: assets/model/text_features.json
[PE] batch=26 warmup=5 iters=25
[prepare] ONNX already at assets/model/text_features.json (473.3 MB)
[prepare] engine already at assets/model/PE-Core-L14-336.engine (642.0 MB) - skipping
model:  PE (perception_encoder)  via PEService._detect
engine: assets/model/PE-Core-L14-336.engine
txtfts: assets/model/text_features.json
image:  /home/piawsa6000/kurnianto/pia-speed_compare/assets/images/kkpolice_1.jpg
gpu:    NVIDIA RTX A6000  (sm 8.6, 48676 MiB)
batch:  26    warmup: 5    iters: 25
start:  2026-05-20T01:07:15
[pool] generated 780 frames = 30 batches × 26  (4.85 GB)

  full_cycle   mean= 302.043 ms  std=  1.562  p95= 304.166 ms  thr=   86.1 img/s
  half_cycle   mean= 292.345 ms  std=  1.469  p95= 294.456 ms  thr=   88.9 img/s
  inference    mean= 205.568 ms  std=  0.723  p95= 206.942 ms  thr=  126.5 img/s
  input_gen_and_load  mean= 119.740 ms  std=  1.543  p95= 122.792 ms  thr=  217.1 img/s
  cos_sim      mean=   2.286 ms  std=  0.008  p95=   2.293 ms  thr=11373.6 img/s

GPU temp: 34.0 -> 34.0 C  (min=34.0, max=34.0)
wrote: /home/piawsa6000/kurnianto/pia-speed_compare/results/pe_NVIDIA_RTX_A6000_b26_20260520_010715.json
