[PE] engine: assets/model/PE-Core-L14-336.engine
[PE] text features: assets/model/text_features.json
[PE] batch=24 warmup=5 iters=25
[prepare] ONNX already at assets/model/text_features.json (473.3 MB)
[prepare] engine already at assets/model/PE-Core-L14-336.engine (642.0 MB) - skipping
model:  PE (perception_encoder)  via PEService._detect
engine: assets/model/PE-Core-L14-336.engine
txtfts: assets/model/text_features.json
image:  /home/piawsa6000/kurnianto/pia-speed_compare/assets/images/kkpolice_1.jpg
gpu:    NVIDIA RTX A6000  (sm 8.6, 48676 MiB)
batch:  24    warmup: 5    iters: 25
start:  2026-05-20T01:01:15
[pool] generated 720 frames = 30 batches × 24  (4.48 GB)

  full_cycle   mean= 278.217 ms  std=  0.842  p95= 279.606 ms  thr=   86.3 img/s
  half_cycle   mean= 269.308 ms  std=  0.828  p95= 270.656 ms  thr=   89.1 img/s
  inference    mean= 189.411 ms  std=  0.542  p95= 190.203 ms  thr=  126.7 img/s
  input_gen_and_load  mean= 109.410 ms  std=  1.255  p95= 111.770 ms  thr=  219.4 img/s
  cos_sim      mean=   2.125 ms  std=  0.006  p95=   2.134 ms  thr=11294.1 img/s

GPU temp: 34.0 -> 34.0 C  (min=34.0, max=34.0)
wrote: /home/piawsa6000/kurnianto/pia-speed_compare/results/pe_NVIDIA_RTX_A6000_b24_20260520_010115.json
