[PE] engine: assets/model/PE-Core-L14-336.engine
[PE] text features: assets/model/text_features.json
[PE] batch=60 warmup=5 iters=25
[prepare] ONNX already at assets/model/text_features.json (473.3 MB)
[prepare] engine already at assets/model/PE-Core-L14-336.engine (642.0 MB) - skipping
model:  PE (perception_encoder)  via PEService._detect
engine: assets/model/PE-Core-L14-336.engine
txtfts: assets/model/text_features.json
image:  /home/piawsa6000/kurnianto/pia-speed_compare/assets/images/kkpolice_1.jpg
gpu:    NVIDIA RTX A6000  (sm 8.6, 48676 MiB)
batch:  60    warmup: 5    iters: 25
start:  2026-05-20T03:19:32
[pool] generated 1800 frames = 30 batches × 60  (11.20 GB)

  full_cycle   mean= 696.866 ms  std=  4.655  p95= 704.111 ms  thr=   86.1 img/s
  half_cycle   mean= 675.339 ms  std=  4.512  p95= 682.530 ms  thr=   88.8 img/s
  inference    mean= 478.283 ms  std=  4.006  p95= 484.374 ms  thr=  125.5 img/s
  input_gen_and_load  mean= 300.147 ms  std=  5.594  p95= 308.928 ms  thr=  199.9 img/s
  cos_sim      mean=   5.021 ms  std=  0.008  p95=   5.039 ms  thr=11949.8 img/s

GPU temp: 34.0 -> 34.0 C  (min=34.0, max=34.0)
wrote: /home/piawsa6000/kurnianto/pia-speed_compare/results/pe_NVIDIA_RTX_A6000_b60_20260520_031932.json
