[PE] engine: assets/model/PE-Core-L14-336.engine
[PE] text features: assets/model/text_features.json
[PE] batch=16 warmup=5 iters=25
[prepare] ONNX already at assets/model/text_features.json (473.3 MB)
[prepare] engine already at assets/model/PE-Core-L14-336.engine (642.1 MB) - skipping
/root/miniconda3/envs/pia-speed/lib/python3.12/site-packages/torch/cuda/__init__.py:61: FutureWarning: The pynvml package is deprecated. Please install nvidia-ml-py instead. If you did not install pynvml directly, please report this to the maintainers of the package that installed pynvml for you.
  import pynvml  # type: ignore[import]
model:  PE (perception_encoder)  via PEService._detect
engine: assets/model/PE-Core-L14-336.engine
txtfts: assets/model/text_features.json
image:  /root/kurnianto/pia-speed_compare/assets/images/kkpolice_1.jpg
gpu:    NVIDIA RTX A5000  (sm 8.6, 24247 MiB)
batch:  16    warmup: 5    iters: 25
start:  2026-05-19T15:30:50
[pool] generated 480 frames = 30 batches × 16  (2.99 GB)

  full_cycle   mean= 268.369 ms  std= 15.398  p95= 295.036 ms  thr=   59.6 img/s
  half_cycle   mean= 260.294 ms  std= 15.198  p95= 285.133 ms  thr=   61.5 img/s
  inference    mean= 144.731 ms  std=  0.343  p95= 145.206 ms  thr=  110.5 img/s
  input_gen_and_load  mean= 112.891 ms  std=  9.745  p95= 127.662 ms  thr=  141.7 img/s
  cos_sim      mean=   1.571 ms  std=  0.052  p95=   1.712 ms  thr=10184.6 img/s

GPU temp: 40.0 -> 46.0 C  (min=39.0, max=46.0)
wrote: /root/kurnianto/pia-speed_compare/results/pe_NVIDIA_RTX_A5000_b16_20260519_153050.json
