[PE] engine: assets/model/PE-Core-L14-336.engine
[PE] text features: assets/model/text_features.json
[PE] batch=18 warmup=5 iters=25
[prepare] ONNX already at assets/model/text_features.json (473.3 MB)
[prepare] engine already at assets/model/PE-Core-L14-336.engine (642.0 MB) - skipping
model:  PE (perception_encoder)  via PEService._detect
engine: assets/model/PE-Core-L14-336.engine
txtfts: assets/model/text_features.json
image:  /home/piawsa6000/kurnianto/pia-speed_compare/assets/images/kkpolice_1.jpg
gpu:    NVIDIA RTX A6000  (sm 8.6, 48676 MiB)
batch:  18    warmup: 5    iters: 25
start:  2026-05-20T00:43:56
[pool] generated 540 frames = 30 batches × 18  (3.36 GB)

  full_cycle   mean= 208.815 ms  std=  0.771  p95= 210.077 ms  thr=   86.2 img/s
  half_cycle   mean= 202.066 ms  std=  0.762  p95= 203.229 ms  thr=   89.1 img/s
  inference    mean= 142.542 ms  std=  0.549  p95= 143.487 ms  thr=  126.3 img/s
  input_gen_and_load  mean=  83.023 ms  std=  2.436  p95=  85.352 ms  thr=  216.8 img/s
  cos_sim      mean=   1.634 ms  std=  0.009  p95=   1.646 ms  thr=11015.9 img/s

GPU temp: 34.0 -> 34.0 C  (min=34.0, max=34.0)
wrote: /home/piawsa6000/kurnianto/pia-speed_compare/results/pe_NVIDIA_RTX_A6000_b18_20260520_004356.json
