[PE] engine: assets/model/PE-Core-L14-336.engine
[PE] text features: assets/model/text_features.json
[PE] batch=58 warmup=5 iters=25
[prepare] ONNX already at assets/model/text_features.json (473.3 MB)
[prepare] engine already at assets/model/PE-Core-L14-336.engine (642.1 MB) - skipping
/root/miniconda3/envs/pia-speed/lib/python3.12/site-packages/torch/cuda/__init__.py:61: FutureWarning: The pynvml package is deprecated. Please install nvidia-ml-py instead. If you did not install pynvml directly, please report this to the maintainers of the package that installed pynvml for you.
  import pynvml  # type: ignore[import]
model:  PE (perception_encoder)  via PEService._detect
engine: assets/model/PE-Core-L14-336.engine
txtfts: assets/model/text_features.json
image:  /root/kurnianto/pia-speed_compare/assets/images/kkpolice_1.jpg
gpu:    NVIDIA RTX A5000  (sm 8.6, 24247 MiB)
batch:  58    warmup: 5    iters: 25
start:  2026-05-19T17:24:39
[pool] generated 1740 frames = 30 batches × 58  (10.82 GB)

  full_cycle   mean=1007.818 ms  std= 67.460  p95=1070.616 ms  thr=   57.5 img/s
  half_cycle   mean= 981.762 ms  std= 67.643  p95=1045.152 ms  thr=   59.1 img/s
  inference    mean= 612.416 ms  std=  3.853  p95= 618.758 ms  thr=   94.7 img/s
  input_gen_and_load  mean= 392.428 ms  std= 23.921  p95= 447.107 ms  thr=  147.8 img/s
  cos_sim      mean=   5.110 ms  std=  0.064  p95=   5.262 ms  thr=11350.3 img/s

GPU temp: 47.0 -> 61.0 C  (min=45.0, max=61.0)
wrote: /root/kurnianto/pia-speed_compare/results/pe_NVIDIA_RTX_A5000_b58_20260519_172439.json
