[PE] engine: assets/model/PE-Core-L14-336.engine
[PE] text features: assets/model/text_features.json
[PE] batch=48 warmup=5 iters=25
[prepare] ONNX already at assets/model/text_features.json (473.3 MB)
[prepare] engine already at assets/model/PE-Core-L14-336.engine (642.0 MB) - skipping
model:  PE (perception_encoder)  via PEService._detect
engine: assets/model/PE-Core-L14-336.engine
txtfts: assets/model/text_features.json
image:  /home/piawsa6000/kurnianto/pia-speed_compare/assets/images/kkpolice_1.jpg
gpu:    NVIDIA RTX A6000  (sm 8.6, 48676 MiB)
batch:  48    warmup: 5    iters: 25
start:  2026-05-20T02:26:53
[pool] generated 1440 frames = 30 batches × 48  (8.96 GB)

  full_cycle   mean= 557.860 ms  std=  2.517  p95= 561.147 ms  thr=   86.0 img/s
  half_cycle   mean= 540.492 ms  std=  2.463  p95= 543.838 ms  thr=   88.8 img/s
  inference    mean= 379.682 ms  std=  2.380  p95= 383.487 ms  thr=  126.4 img/s
  input_gen_and_load  mean= 240.947 ms  std=  3.878  p95= 246.729 ms  thr=  199.2 img/s
  cos_sim      mean=   4.056 ms  std=  0.006  p95=   4.066 ms  thr=11834.3 img/s

GPU temp: 33.0 -> 34.0 C  (min=33.0, max=34.0)
wrote: /home/piawsa6000/kurnianto/pia-speed_compare/results/pe_NVIDIA_RTX_A6000_b48_20260520_022653.json
