[PE] engine: assets/model/PE-Core-L14-336.engine
[PE] text features: assets/model/text_features.json
[PE] batch=50 warmup=5 iters=25
[prepare] ONNX already at assets/model/text_features.json (473.3 MB)
[prepare] engine already at assets/model/PE-Core-L14-336.engine (642.1 MB) - skipping
/root/miniconda3/envs/pia-speed/lib/python3.12/site-packages/torch/cuda/__init__.py:61: FutureWarning: The pynvml package is deprecated. Please install nvidia-ml-py instead. If you did not install pynvml directly, please report this to the maintainers of the package that installed pynvml for you.
  import pynvml  # type: ignore[import]
model:  PE (perception_encoder)  via PEService._detect
engine: assets/model/PE-Core-L14-336.engine
txtfts: assets/model/text_features.json
image:  /root/kurnianto/pia-speed_compare/assets/images/kkpolice_1.jpg
gpu:    NVIDIA RTX A5000  (sm 8.6, 24247 MiB)
batch:  50    warmup: 5    iters: 25
start:  2026-05-19T16:59:21
[pool] generated 1500 frames = 30 batches × 50  (9.33 GB)

  full_cycle   mean= 907.659 ms  std= 55.284  p95= 969.455 ms  thr=   55.1 img/s
  half_cycle   mean= 883.484 ms  std= 54.922  p95= 940.358 ms  thr=   56.6 img/s
  inference    mean= 528.285 ms  std=  3.310  p95= 533.624 ms  thr=   94.7 img/s
  input_gen_and_load  mean= 347.431 ms  std= 34.590  p95= 453.328 ms  thr=  143.9 img/s
  cos_sim      mean=   4.462 ms  std=  0.104  p95=   4.734 ms  thr=11205.7 img/s

GPU temp: 45.0 -> 59.0 C  (min=44.0, max=59.0)
wrote: /root/kurnianto/pia-speed_compare/results/pe_NVIDIA_RTX_A5000_b50_20260519_165921.json
