[PE] engine: assets/model/PE-Core-L14-336.engine
[PE] text features: assets/model/text_features.json
[PE] batch=32 warmup=5 iters=25
[prepare] ONNX already at assets/model/text_features.json (473.3 MB)
[prepare] engine already at assets/model/PE-Core-L14-336.engine (642.1 MB) - skipping
/root/miniconda3/envs/pia-speed/lib/python3.12/site-packages/torch/cuda/__init__.py:61: FutureWarning: The pynvml package is deprecated. Please install nvidia-ml-py instead. If you did not install pynvml directly, please report this to the maintainers of the package that installed pynvml for you.
  import pynvml  # type: ignore[import]
model:  PE (perception_encoder)  via PEService._detect
engine: assets/model/PE-Core-L14-336.engine
txtfts: assets/model/text_features.json
image:  /root/kurnianto/pia-speed_compare/assets/images/kkpolice_1.jpg
gpu:    NVIDIA RTX A5000  (sm 8.6, 24247 MiB)
batch:  32    warmup: 5    iters: 25
start:  2026-05-19T16:08:26
[pool] generated 960 frames = 30 batches × 32  (5.97 GB)

  full_cycle   mean= 590.554 ms  std= 38.975  p95= 624.240 ms  thr=   54.2 img/s
  half_cycle   mean= 575.758 ms  std= 38.796  p95= 609.627 ms  thr=   55.6 img/s
  inference    mean= 335.782 ms  std=  1.347  p95= 337.972 ms  thr=   95.3 img/s
  input_gen_and_load  mean= 219.026 ms  std= 12.023  p95= 237.977 ms  thr=  146.1 img/s
  cos_sim      mean=   2.913 ms  std=  0.049  p95=   3.004 ms  thr=10985.2 img/s

GPU temp: 42.0 -> 52.0 C  (min=41.0, max=53.0)
wrote: /root/kurnianto/pia-speed_compare/results/pe_NVIDIA_RTX_A5000_b32_20260519_160826.json
