[PE] engine: assets/model/PE-Core-L14-336.engine
[PE] text features: assets/model/text_features.json
[PE] batch=70 warmup=5 iters=25
[prepare] ONNX already at assets/model/text_features.json (473.3 MB)
[prepare] engine already at assets/model/PE-Core-L14-336.engine (642.0 MB) - skipping
model:  PE (perception_encoder)  via PEService._detect
engine: assets/model/PE-Core-L14-336.engine
txtfts: assets/model/text_features.json
image:  /home/piawsa6000/kurnianto/pia-speed_compare/assets/images/kkpolice_1.jpg
gpu:    NVIDIA RTX A6000  (sm 8.6, 48676 MiB)
batch:  70    warmup: 5    iters: 25
start:  2026-05-20T04:08:51
[pool] generated 2100 frames = 30 batches × 70  (13.06 GB)

  full_cycle   mean= 816.341 ms  std=  5.664  p95= 825.432 ms  thr=   85.8 img/s
  half_cycle   mean= 791.309 ms  std=  5.501  p95= 800.083 ms  thr=   88.5 img/s
  inference    mean= 558.847 ms  std=  5.014  p95= 565.548 ms  thr=  125.3 img/s
  input_gen_and_load  mean= 325.298 ms  std=  4.877  p95= 338.501 ms  thr=  215.2 img/s
  cos_sim      mean=   5.825 ms  std=  0.007  p95=   5.834 ms  thr=12017.2 img/s

GPU temp: 33.0 -> 34.0 C  (min=33.0, max=34.0)
wrote: /home/piawsa6000/kurnianto/pia-speed_compare/results/pe_NVIDIA_RTX_A6000_b70_20260520_040851.json
