[PE] engine: assets/model/PE-Core-L14-336.engine
[PE] text features: assets/model/text_features.json
[PE] batch=68 warmup=5 iters=25
[prepare] ONNX already at assets/model/text_features.json (473.3 MB)
[prepare] engine already at assets/model/PE-Core-L14-336.engine (642.0 MB) - skipping
model:  PE (perception_encoder)  via PEService._detect
engine: assets/model/PE-Core-L14-336.engine
txtfts: assets/model/text_features.json
image:  /home/piawsa6000/kurnianto/pia-speed_compare/assets/images/kkpolice_1.jpg
gpu:    NVIDIA RTX A6000  (sm 8.6, 48676 MiB)
batch:  68    warmup: 5    iters: 25
start:  2026-05-20T03:58:39
[pool] generated 2040 frames = 30 batches × 68  (12.69 GB)

  full_cycle   mean= 792.758 ms  std=  6.337  p95= 802.867 ms  thr=   85.8 img/s
  half_cycle   mean= 768.327 ms  std=  6.116  p95= 778.311 ms  thr=   88.5 img/s
  inference    mean= 543.178 ms  std=  5.146  p95= 550.690 ms  thr=  125.2 img/s
  input_gen_and_load  mean= 313.050 ms  std=  4.637  p95= 318.987 ms  thr=  217.2 img/s
  cos_sim      mean=   5.667 ms  std=  0.011  p95=   5.688 ms  thr=11999.3 img/s

GPU temp: 34.0 -> 34.0 C  (min=34.0, max=34.0)
wrote: /home/piawsa6000/kurnianto/pia-speed_compare/results/pe_NVIDIA_RTX_A6000_b68_20260520_035839.json
