[PE] engine: assets/model/PE-Core-L14-336.engine
[PE] text features: assets/model/text_features.json
[PE] batch=14 warmup=5 iters=25
[prepare] ONNX already at assets/model/text_features.json (473.3 MB)
[prepare] engine already at assets/model/PE-Core-L14-336.engine (642.1 MB) - skipping
/root/miniconda3/envs/pia-speed/lib/python3.12/site-packages/torch/cuda/__init__.py:61: FutureWarning: The pynvml package is deprecated. Please install nvidia-ml-py instead. If you did not install pynvml directly, please report this to the maintainers of the package that installed pynvml for you.
  import pynvml  # type: ignore[import]
model:  PE (perception_encoder)  via PEService._detect
engine: assets/model/PE-Core-L14-336.engine
txtfts: assets/model/text_features.json
image:  /root/kurnianto/pia-speed_compare/assets/images/kkpolice_1.jpg
gpu:    NVIDIA RTX A5000  (sm 8.6, 24247 MiB)
batch:  14    warmup: 5    iters: 25
start:  2026-05-19T15:26:40
[pool] generated 420 frames = 30 batches × 14  (2.61 GB)

  full_cycle   mean= 251.797 ms  std=  8.253  p95= 262.681 ms  thr=   55.6 img/s
  half_cycle   mean= 244.794 ms  std=  8.074  p95= 255.546 ms  thr=   57.2 img/s
  inference    mean= 146.288 ms  std=  0.479  p95= 147.080 ms  thr=   95.7 img/s
  input_gen_and_load  mean=  95.557 ms  std=  5.761  p95= 104.372 ms  thr=  146.5 img/s
  cos_sim      mean=   1.382 ms  std=  0.058  p95=   1.489 ms  thr=10130.2 img/s

GPU temp: 39.0 -> 45.0 C  (min=39.0, max=46.0)
wrote: /root/kurnianto/pia-speed_compare/results/pe_NVIDIA_RTX_A5000_b14_20260519_152640.json
