[PE] engine: assets/model/PE-Core-L14-336.engine
[PE] text features: assets/model/text_features.json
[PE] batch=46 warmup=5 iters=25
[prepare] ONNX already at assets/model/text_features.json (473.3 MB)
[prepare] engine already at assets/model/PE-Core-L14-336.engine (642.1 MB) - skipping
/root/miniconda3/envs/pia-speed/lib/python3.12/site-packages/torch/cuda/__init__.py:61: FutureWarning: The pynvml package is deprecated. Please install nvidia-ml-py instead. If you did not install pynvml directly, please report this to the maintainers of the package that installed pynvml for you.
  import pynvml  # type: ignore[import]
model:  PE (perception_encoder)  via PEService._detect
engine: assets/model/PE-Core-L14-336.engine
txtfts: assets/model/text_features.json
image:  /root/kurnianto/pia-speed_compare/assets/images/kkpolice_1.jpg
gpu:    NVIDIA RTX A5000  (sm 8.6, 24247 MiB)
batch:  46    warmup: 5    iters: 25
start:  2026-05-19T16:47:22
[pool] generated 1380 frames = 30 batches × 46  (8.58 GB)

  full_cycle   mean= 821.535 ms  std= 37.987  p95= 853.343 ms  thr=   56.0 img/s
  half_cycle   mean= 800.568 ms  std= 38.098  p95= 832.411 ms  thr=   57.5 img/s
  inference    mean= 483.335 ms  std=  2.713  p95= 487.544 ms  thr=   95.2 img/s
  input_gen_and_load  mean= 314.652 ms  std= 31.489  p95= 368.453 ms  thr=  146.2 img/s
  cos_sim      mean=   4.049 ms  std=  0.041  p95=   4.130 ms  thr=11360.8 img/s

GPU temp: 45.0 -> 58.0 C  (min=44.0, max=58.0)
wrote: /root/kurnianto/pia-speed_compare/results/pe_NVIDIA_RTX_A5000_b46_20260519_164722.json
