[PE] engine: assets/model/PE-Core-L14-336.engine
[PE] text features: assets/model/text_features.json
[PE] batch=62 warmup=5 iters=25
[prepare] ONNX already at assets/model/text_features.json (473.3 MB)
[prepare] engine already at assets/model/PE-Core-L14-336.engine (642.1 MB) - skipping
/root/miniconda3/envs/pia-speed/lib/python3.12/site-packages/torch/cuda/__init__.py:61: FutureWarning: The pynvml package is deprecated. Please install nvidia-ml-py instead. If you did not install pynvml directly, please report this to the maintainers of the package that installed pynvml for you.
  import pynvml  # type: ignore[import]
model:  PE (perception_encoder)  via PEService._detect
engine: assets/model/PE-Core-L14-336.engine
txtfts: assets/model/text_features.json
image:  /root/kurnianto/pia-speed_compare/assets/images/kkpolice_1.jpg
gpu:    NVIDIA RTX A5000  (sm 8.6, 24247 MiB)
batch:  62    warmup: 5    iters: 25
start:  2026-05-19T17:37:55
[pool] generated 1860 frames = 30 batches × 62  (11.57 GB)

  full_cycle   mean=1098.428 ms  std= 64.127  p95=1149.788 ms  thr=   56.4 img/s
  half_cycle   mean=1068.008 ms  std= 63.764  p95=1119.578 ms  thr=   58.0 img/s
  inference    mean= 651.759 ms  std=  4.215  p95= 657.637 ms  thr=   95.1 img/s
  input_gen_and_load  mean= 412.953 ms  std= 36.024  p95= 467.664 ms  thr=  150.1 img/s
  cos_sim      mean=   5.494 ms  std=  0.111  p95=   5.824 ms  thr=11285.0 img/s

GPU temp: 46.0 -> 61.0 C  (min=45.0, max=61.0)
wrote: /root/kurnianto/pia-speed_compare/results/pe_NVIDIA_RTX_A5000_b62_20260519_173755.json
