[PE] engine: assets/model/PE-Core-L14-336.engine
[PE] text features: assets/model/text_features.json
[PE] batch=20 warmup=5 iters=25
[prepare] ONNX already at assets/model/text_features.json (473.3 MB)
[prepare] engine already at assets/model/PE-Core-L14-336.engine (642.1 MB) - skipping
/root/miniconda3/envs/pia-speed/lib/python3.12/site-packages/torch/cuda/__init__.py:61: FutureWarning: The pynvml package is deprecated. Please install nvidia-ml-py instead. If you did not install pynvml directly, please report this to the maintainers of the package that installed pynvml for you.
  import pynvml  # type: ignore[import]
model:  PE (perception_encoder)  via PEService._detect
engine: assets/model/PE-Core-L14-336.engine
txtfts: assets/model/text_features.json
image:  /root/kurnianto/pia-speed_compare/assets/images/kkpolice_1.jpg
gpu:    NVIDIA RTX A5000  (sm 8.6, 24247 MiB)
batch:  20    warmup: 5    iters: 25
start:  2026-05-19T15:39:31
[pool] generated 600 frames = 30 batches × 20  (3.73 GB)

  full_cycle   mean= 364.747 ms  std= 24.950  p95= 401.965 ms  thr=   54.8 img/s
  half_cycle   mean= 355.251 ms  std= 24.837  p95= 392.694 ms  thr=   56.3 img/s
  inference    mean= 209.335 ms  std=  0.781  p95= 210.194 ms  thr=   95.5 img/s
  input_gen_and_load  mean= 141.332 ms  std= 13.895  p95= 163.178 ms  thr=  141.5 img/s
  cos_sim      mean=   1.910 ms  std=  0.070  p95=   2.048 ms  thr=10471.2 img/s

GPU temp: 41.0 -> 48.0 C  (min=40.0, max=49.0)
wrote: /root/kurnianto/pia-speed_compare/results/pe_NVIDIA_RTX_A5000_b20_20260519_153931.json
