[PE] engine: assets/model/PE-Core-L14-336.engine
[PE] text features: assets/model/text_features.json
[PE] batch=38 warmup=5 iters=25
[prepare] ONNX already at assets/model/text_features.json (473.3 MB)
[prepare] engine already at assets/model/PE-Core-L14-336.engine (642.1 MB) - skipping
/root/miniconda3/envs/pia-speed/lib/python3.12/site-packages/torch/cuda/__init__.py:61: FutureWarning: The pynvml package is deprecated. Please install nvidia-ml-py instead. If you did not install pynvml directly, please report this to the maintainers of the package that installed pynvml for you.
  import pynvml  # type: ignore[import]
model:  PE (perception_encoder)  via PEService._detect
engine: assets/model/PE-Core-L14-336.engine
txtfts: assets/model/text_features.json
image:  /root/kurnianto/pia-speed_compare/assets/images/kkpolice_1.jpg
gpu:    NVIDIA RTX A5000  (sm 8.6, 24247 MiB)
batch:  38    warmup: 5    iters: 25
start:  2026-05-19T16:24:26
[pool] generated 1140 frames = 30 batches × 38  (7.09 GB)

  full_cycle   mean= 674.784 ms  std= 44.852  p95= 722.221 ms  thr=   56.3 img/s
  half_cycle   mean= 657.604 ms  std= 44.948  p95= 705.046 ms  thr=   57.8 img/s
  inference    mean= 396.640 ms  std=  2.298  p95= 400.115 ms  thr=   95.8 img/s
  input_gen_and_load  mean= 263.214 ms  std= 35.898  p95= 358.158 ms  thr=  144.4 img/s
  cos_sim      mean=   3.433 ms  std=  0.093  p95=   3.663 ms  thr=11069.0 img/s

GPU temp: 45.0 -> 56.0 C  (min=43.0, max=56.0)
wrote: /root/kurnianto/pia-speed_compare/results/pe_NVIDIA_RTX_A5000_b38_20260519_162426.json
