[PE] engine: assets/model/PE-Core-L14-336.engine
[PE] text features: assets/model/text_features.json
[PE] batch=28 warmup=5 iters=25
[prepare] ONNX already at assets/model/text_features.json (473.3 MB)
[prepare] engine already at assets/model/PE-Core-L14-336.engine (642.0 MB) - skipping
model:  PE (perception_encoder)  via PEService._detect
engine: assets/model/PE-Core-L14-336.engine
txtfts: assets/model/text_features.json
image:  /home/piawsa6000/kurnianto/pia-speed_compare/assets/images/kkpolice_1.jpg
gpu:    NVIDIA RTX A6000  (sm 8.6, 48676 MiB)
batch:  28    warmup: 5    iters: 25
start:  2026-05-20T01:13:32
[pool] generated 840 frames = 30 batches × 28  (5.23 GB)

  full_cycle   mean= 326.154 ms  std=  2.802  p95= 331.589 ms  thr=   85.8 img/s
  half_cycle   mean= 315.764 ms  std=  2.567  p95= 320.681 ms  thr=   88.7 img/s
  inference    mean= 221.748 ms  std=  0.620  p95= 222.795 ms  thr=  126.3 img/s
  input_gen_and_load  mean= 128.597 ms  std=  2.158  p95= 130.850 ms  thr=  217.7 img/s
  cos_sim      mean=   2.447 ms  std=  0.008  p95=   2.466 ms  thr=11442.6 img/s

GPU temp: 34.0 -> 34.0 C  (min=34.0, max=34.0)
wrote: /home/piawsa6000/kurnianto/pia-speed_compare/results/pe_NVIDIA_RTX_A6000_b28_20260520_011332.json
