[PE] engine: assets/model/PE-Core-L14-336.engine
[PE] text features: assets/model/text_features.json
[PE] batch=42 warmup=5 iters=25
[prepare] ONNX already at assets/model/text_features.json (473.3 MB)
[prepare] engine already at assets/model/PE-Core-L14-336.engine (642.0 MB) - skipping
model:  PE (perception_encoder)  via PEService._detect
engine: assets/model/PE-Core-L14-336.engine
txtfts: assets/model/text_features.json
image:  /home/piawsa6000/kurnianto/pia-speed_compare/assets/images/kkpolice_1.jpg
gpu:    NVIDIA RTX A6000  (sm 8.6, 48676 MiB)
batch:  42    warmup: 5    iters: 25
start:  2026-05-20T02:02:55
[pool] generated 1260 frames = 30 batches × 42  (7.84 GB)

  full_cycle   mean= 488.545 ms  std=  2.344  p95= 492.745 ms  thr=   86.0 img/s
  half_cycle   mean= 473.140 ms  std=  2.272  p95= 477.315 ms  thr=   88.8 img/s
  inference    mean= 331.888 ms  std=  1.928  p95= 334.652 ms  thr=  126.5 img/s
  input_gen_and_load  mean= 211.868 ms  std=  5.286  p95= 216.421 ms  thr=  198.2 img/s
  cos_sim      mean=   3.579 ms  std=  0.006  p95=   3.587 ms  thr=11735.1 img/s

GPU temp: 34.0 -> 34.0 C  (min=33.0, max=34.0)
wrote: /home/piawsa6000/kurnianto/pia-speed_compare/results/pe_NVIDIA_RTX_A6000_b42_20260520_020255.json
