[PE] engine: assets/model/PE-Core-L14-336.engine
[PE] text features: assets/model/text_features.json
[PE] batch=22 warmup=5 iters=25
[prepare] ONNX already at assets/model/text_features.json (473.3 MB)
[prepare] engine already at assets/model/PE-Core-L14-336.engine (642.0 MB) - skipping
model:  PE (perception_encoder)  via PEService._detect
engine: assets/model/PE-Core-L14-336.engine
txtfts: assets/model/text_features.json
image:  /home/piawsa6000/kurnianto/pia-speed_compare/assets/images/kkpolice_1.jpg
gpu:    NVIDIA RTX A6000  (sm 8.6, 48676 MiB)
batch:  22    warmup: 5    iters: 25
start:  2026-05-20T00:55:19
[pool] generated 660 frames = 30 batches × 22  (4.11 GB)

  full_cycle   mean= 255.653 ms  std=  0.669  p95= 256.843 ms  thr=   86.0 img/s
  half_cycle   mean= 247.449 ms  std=  0.661  p95= 248.657 ms  thr=   88.9 img/s
  inference    mean= 174.078 ms  std=  0.443  p95= 174.902 ms  thr=  126.4 img/s
  input_gen_and_load  mean= 102.115 ms  std=  3.387  p95= 108.701 ms  thr=  215.4 img/s
  cos_sim      mean=   1.963 ms  std=  0.007  p95=   1.974 ms  thr=11207.3 img/s

GPU temp: 34.0 -> 34.0 C  (min=34.0, max=34.0)
wrote: /home/piawsa6000/kurnianto/pia-speed_compare/results/pe_NVIDIA_RTX_A6000_b22_20260520_005519.json
