[PE] engine: assets/model/PE-Core-L14-336.engine
[PE] text features: assets/model/text_features.json
[PE] batch=36 warmup=5 iters=25
[prepare] ONNX already at assets/model/text_features.json (473.3 MB)
[prepare] engine already at assets/model/PE-Core-L14-336.engine (642.1 MB) - skipping
/root/miniconda3/envs/pia-speed/lib/python3.12/site-packages/torch/cuda/__init__.py:61: FutureWarning: The pynvml package is deprecated. Please install nvidia-ml-py instead. If you did not install pynvml directly, please report this to the maintainers of the package that installed pynvml for you.
  import pynvml  # type: ignore[import]
model:  PE (perception_encoder)  via PEService._detect
engine: assets/model/PE-Core-L14-336.engine
txtfts: assets/model/text_features.json
image:  /root/kurnianto/pia-speed_compare/assets/images/kkpolice_1.jpg
gpu:    NVIDIA RTX A5000  (sm 8.6, 24247 MiB)
batch:  36    warmup: 5    iters: 25
start:  2026-05-19T16:18:58
[pool] generated 1080 frames = 30 batches × 36  (6.72 GB)

  full_cycle   mean= 639.995 ms  std= 56.616  p95= 706.897 ms  thr=   56.2 img/s
  half_cycle   mean= 623.428 ms  std= 56.440  p95= 688.759 ms  thr=   57.8 img/s
  inference    mean= 377.037 ms  std=  2.071  p95= 380.120 ms  thr=   95.5 img/s
  input_gen_and_load  mean= 246.668 ms  std= 12.206  p95= 274.749 ms  thr=  145.9 img/s
  cos_sim      mean=   3.243 ms  std=  0.063  p95=   3.397 ms  thr=11100.8 img/s

GPU temp: 44.0 -> 56.0 C  (min=43.0, max=56.0)
wrote: /root/kurnianto/pia-speed_compare/results/pe_NVIDIA_RTX_A5000_b36_20260519_161858.json
