[PE_INT8] INT8 engine:    /root/kurnianto/pia-speed_compare/assets/QAT/pe/engines/int8_pe_dyn_b1-70_t1_crl.engine
[PE_INT8] text features:  assets/model/text_features.json
[PE_INT8] batch=14 warmup=5 iters=25
/root/miniconda3/envs/pia-speed/lib/python3.12/site-packages/torch/cuda/__init__.py:61: FutureWarning: The pynvml package is deprecated. Please install nvidia-ml-py instead. If you did not install pynvml directly, please report this to the maintainers of the package that installed pynvml for you.
  import pynvml  # type: ignore[import]
model:  PE (perception_encoder)  via PEService._detect
engine: /root/kurnianto/pia-speed_compare/assets/QAT/pe/engines/int8_pe_dyn_b1-70_t1_crl.engine
txtfts: assets/model/text_features.json
image:  /root/kurnianto/pia-speed_compare/assets/images/kkpolice_1.jpg
gpu:    NVIDIA RTX A5000  (sm 8.6, 24247 MiB)
batch:  14    warmup: 5    iters: 25
start:  2026-05-20T03:57:30
[pool] generated 420 frames = 30 batches × 14  (2.61 GB)

  full_cycle   mean= 207.482 ms  std= 20.650  p95= 221.084 ms  thr=   67.5 img/s
  half_cycle   mean= 200.224 ms  std= 20.658  p95= 213.952 ms  thr=   69.9 img/s
  inference    mean=  69.047 ms  std=  0.300  p95=  69.663 ms  thr=  202.8 img/s
  input_gen_and_load  mean= 102.339 ms  std= 18.634  p95= 128.472 ms  thr=  136.8 img/s
  cos_sim      mean=   1.559 ms  std=  0.036  p95=   1.627 ms  thr= 8980.1 img/s

GPU temp: 50.0 -> 53.0 C  (min=50.0, max=53.0)
wrote: /root/kurnianto/pia-speed_compare/results/pe_NVIDIA_RTX_A5000_b14_20260520_035730_int8.json
[PE_INT8] cos/MSE check skipped (SKIP_COS=1)
