[PE_INT8] INT8 engine:    assets/QAT/pe/engines/int8_pe_dyn_b1-80_t1.engine
[PE_INT8] text features:  assets/model/text_features.json
[PE_INT8] batch=16 warmup=5 iters=25
model:  PE (perception_encoder)  via PEService._detect
engine: assets/QAT/pe/engines/int8_pe_dyn_b1-80_t1.engine
txtfts: assets/model/text_features.json
image:  /home/piawsa6000/kurnianto/pia-speed_compare/assets/images/kkpolice_1.jpg
gpu:    NVIDIA RTX A6000  (sm 8.6, 48676 MiB)
batch:  16    warmup: 5    iters: 25
start:  2026-05-20T00:39:28
[pool] generated 480 frames = 30 batches × 16  (2.99 GB)

  full_cycle   mean= 114.000 ms  std=  0.826  p95= 115.496 ms  thr=  140.3 img/s
  half_cycle   mean= 107.856 ms  std=  0.825  p95= 109.328 ms  thr=  148.3 img/s
  inference    mean=  55.985 ms  std=  0.252  p95=  56.289 ms  thr=  285.8 img/s
  input_gen_and_load  mean=  73.724 ms  std=  1.709  p95=  74.935 ms  thr=  217.0 img/s
  cos_sim      mean=   1.445 ms  std=  0.015  p95=   1.465 ms  thr=11072.7 img/s

GPU temp: 34.0 -> 34.0 C  (min=34.0, max=34.0)
wrote: /home/piawsa6000/kurnianto/pia-speed_compare/results/pe_NVIDIA_RTX_A6000_b16_20260520_003928_int8.json

[PE_INT8] === random-image cos/MSE vs PT BF16 ===
[PE_INT8] engines:    assets/QAT/pe/engines
[PE_INT8] PT ckpt:    src/FTPE_INT8/.hf_cache/pe/splitqkv_qat/qat_deploy_fp32.pt
[PE_INT8] B=16  T=1  iters=5  min_cos=0.99  max_mse=1e-3
[05/20/2026-00:39:54] [TRT] [W] Using default stream in enqueueV3() may lead to performance issues due to additional calls to cudaStreamSynchronize() by TensorRT to ensure correct synchronization. Please use non-default stream instead.
[05/20/2026-00:39:55] [TRT] [W] Using default stream in enqueueV3() may lead to performance issues due to additional calls to cudaStreamSynchronize() by TensorRT to ensure correct synchronization. Please use non-default stream instead.
[05/20/2026-00:39:55] [TRT] [W] Using default stream in enqueueV3() may lead to performance issues due to additional calls to cudaStreamSynchronize() by TensorRT to ensure correct synchronization. Please use non-default stream instead.
[05/20/2026-00:39:56] [TRT] [W] Using default stream in enqueueV3() may lead to performance issues due to additional calls to cudaStreamSynchronize() by TensorRT to ensure correct synchronization. Please use non-default stream instead.
[test] config=PE-Core-L14-336  B=16  T=1  BT=16  iters=5
[test] ft_ckpt: src/FTPE_INT8/.hf_cache/pe/splitqkv_qat/qat_deploy_fp32.pt
[test] engine_dir: assets/QAT/pe/engines
[test] loading PT BF16 reference ...
   [ft_loader] detected QKV layout: split  arch: PE-Core-L14-336-splitqkv
[test] PT BF16 loaded in 4.6s  (image_size=336)
[test] found 4 engines: ['bf16_pe_b16t1.engine', 'int8_pe_b16t1.engine', 'int8_pe_b16t1_crl.engine', 'int8_pe_dyn_b1-80_t1.engine']

[test] precomputing 5 random-batch PT references ...
[test] freeing PT BF16 to make room for TRT contexts ...
  bf16_pe_b16t1: iter-0 cos=0.9999
  int8_pe_b16t1: iter-0 cos=0.9431
  int8_pe_b16t1_crl: iter-0 cos=0.9792
  int8_pe_dyn_b1-80_t1: iter-0 cos=0.9431

[test] results (mean over 5 iters)

  engine                                                   cos          mse   verdict
  --------------------------------------------------------------------------------
  bf16_pe_b16t1                                       0.999911    1.759e-07   PASS
  int8_pe_b16t1                                       0.942998    1.113e-04   FAIL
  int8_pe_b16t1_crl                                   0.978560    4.188e-05   FAIL
  int8_pe_dyn_b1-80_t1                                0.942998    1.113e-04   FAIL

[test] thresholds: cos >= 0.99   mse <= 1e-03
[test] appended cos_mse section to: /home/piawsa6000/kurnianto/pia-speed_compare/results/pe_NVIDIA_RTX_A6000_b16_20260520_003928_int8.json
[test] FAIL — one or more engines did not meet the threshold
[PE_INT8] cos/MSE check exited non-zero (engine(s) below threshold)
