[PE_INT8] INT8 engine:    /root/kurnianto/pia-speed_compare/assets/QAT/pe/engines/int8_pe_dyn_b1-70_t1_crl.engine
[PE_INT8] text features:  assets/model/text_features.json
[PE_INT8] batch=12 warmup=5 iters=25
/root/miniconda3/envs/pia-speed/lib/python3.12/site-packages/torch/cuda/__init__.py:61: FutureWarning: The pynvml package is deprecated. Please install nvidia-ml-py instead. If you did not install pynvml directly, please report this to the maintainers of the package that installed pynvml for you.
  import pynvml  # type: ignore[import]
model:  PE (perception_encoder)  via PEService._detect
engine: /root/kurnianto/pia-speed_compare/assets/QAT/pe/engines/int8_pe_dyn_b1-70_t1_crl.engine
txtfts: assets/model/text_features.json
image:  /root/kurnianto/pia-speed_compare/assets/images/kkpolice_1.jpg
gpu:    NVIDIA RTX A5000  (sm 8.6, 24247 MiB)
batch:  12    warmup: 5    iters: 25
start:  2026-05-20T03:55:50
[pool] generated 360 frames = 30 batches × 12  (2.24 GB)

  full_cycle   mean= 155.814 ms  std= 21.418  p95= 187.872 ms  thr=   77.0 img/s
  half_cycle   mean= 148.747 ms  std= 21.706  p95= 181.234 ms  thr=   80.7 img/s
  inference    mean=  60.069 ms  std=  0.233  p95=  60.526 ms  thr=  199.8 img/s
  input_gen_and_load  mean=  88.759 ms  std= 17.406  p95= 120.436 ms  thr=  135.2 img/s
  cos_sim      mean=   1.360 ms  std=  0.063  p95=   1.429 ms  thr= 8823.5 img/s

GPU temp: 46.0 -> 49.0 C  (min=46.0, max=50.0)
wrote: /root/kurnianto/pia-speed_compare/results/pe_NVIDIA_RTX_A5000_b12_20260520_035550_int8.json
[PE_INT8] cos/MSE check skipped (SKIP_COS=1)
