[PE_INT8] INT8 engine:    assets/QAT/pe/engines/int8_pe_dyn_b1-80_t1.engine
[PE_INT8] text features:  assets/model/text_features.json
[PE_INT8] batch=34 warmup=5 iters=25
model:  PE (perception_encoder)  via PEService._detect
engine: assets/QAT/pe/engines/int8_pe_dyn_b1-80_t1.engine
txtfts: assets/model/text_features.json
image:  /home/piawsa6000/kurnianto/pia-speed_compare/assets/images/kkpolice_1.jpg
gpu:    NVIDIA RTX A6000  (sm 8.6, 48676 MiB)
batch:  34    warmup: 5    iters: 25
start:  2026-05-20T01:35:10
[pool] generated 1020 frames = 30 batches × 34  (6.35 GB)

  full_cycle   mean= 252.376 ms  std=  2.409  p95= 256.951 ms  thr=  134.7 img/s
  half_cycle   mean= 239.600 ms  std=  2.207  p95= 243.873 ms  thr=  141.9 img/s
  inference    mean= 125.909 ms  std=  0.785  p95= 126.919 ms  thr=  270.0 img/s
  input_gen_and_load  mean= 156.951 ms  std=  2.212  p95= 160.956 ms  thr=  216.6 img/s
  cos_sim      mean=   2.928 ms  std=  0.010  p95=   2.953 ms  thr=11612.0 img/s

GPU temp: 34.0 -> 34.0 C  (min=33.0, max=34.0)
wrote: /home/piawsa6000/kurnianto/pia-speed_compare/results/pe_NVIDIA_RTX_A6000_b34_20260520_013510_int8.json

[PE_INT8] === random-image cos/MSE vs PT BF16 ===
[PE_INT8] engines:    assets/QAT/pe/engines
[PE_INT8] PT ckpt:    src/FTPE_INT8/.hf_cache/pe/splitqkv_qat/qat_deploy_fp32.pt
[PE_INT8] B=34  T=1  iters=5  min_cos=0.99  max_mse=1e-3
[05/20/2026-01:35:56] [TRT] [W] Using default stream in enqueueV3() may lead to performance issues due to additional calls to cudaStreamSynchronize() by TensorRT to ensure correct synchronization. Please use non-default stream instead.
[test] config=PE-Core-L14-336  B=34  T=1  BT=34  iters=5
[test] ft_ckpt: src/FTPE_INT8/.hf_cache/pe/splitqkv_qat/qat_deploy_fp32.pt
[test] engine_dir: assets/QAT/pe/engines
[test] loading PT BF16 reference ...
   [ft_loader] detected QKV layout: split  arch: PE-Core-L14-336-splitqkv
[test] PT BF16 loaded in 4.7s  (image_size=336)
[test] found 4 engines: ['bf16_pe_b16t1.engine', 'int8_pe_b16t1.engine', 'int8_pe_b16t1_crl.engine', 'int8_pe_dyn_b1-80_t1.engine']

[test] precomputing 5 random-batch PT references ...
[test] freeing PT BF16 to make room for TRT contexts ...
  skipping bf16_pe_b16t1: profile (16, 3, 336, 336)..(16, 3, 336, 336) does not include BT=34
  skipping int8_pe_b16t1: profile (16, 3, 336, 336)..(16, 3, 336, 336) does not include BT=34
  skipping int8_pe_b16t1_crl: profile (16, 3, 336, 336)..(16, 3, 336, 336) does not include BT=34
  int8_pe_dyn_b1-80_t1: iter-0 cos=0.9435

[test] results (mean over 5 iters)

  engine                                                   cos          mse   verdict
  --------------------------------------------------------------------------------
  int8_pe_dyn_b1-80_t1                                0.942475    1.124e-04   FAIL

[test] thresholds: cos >= 0.99   mse <= 1e-03
[test] appended cos_mse section to: /home/piawsa6000/kurnianto/pia-speed_compare/results/pe_NVIDIA_RTX_A6000_b34_20260520_013510_int8.json
[test] FAIL — one or more engines did not meet the threshold
[PE_INT8] cos/MSE check exited non-zero (engine(s) below threshold)
