[PE_INT8] INT8 engine:    /root/kurnianto/pia-speed_compare/assets/QAT/pe/engines/int8_pe_dyn_b1-70_t1_crl.engine
[PE_INT8] text features:  assets/model/text_features.json
[PE_INT8] batch=10 warmup=5 iters=25
/root/miniconda3/envs/pia-speed/lib/python3.12/site-packages/torch/cuda/__init__.py:61: FutureWarning: The pynvml package is deprecated. Please install nvidia-ml-py instead. If you did not install pynvml directly, please report this to the maintainers of the package that installed pynvml for you.
  import pynvml  # type: ignore[import]
model:  PE (perception_encoder)  via PEService._detect
engine: /root/kurnianto/pia-speed_compare/assets/QAT/pe/engines/int8_pe_dyn_b1-70_t1_crl.engine
txtfts: assets/model/text_features.json
image:  /root/kurnianto/pia-speed_compare/assets/images/kkpolice_1.jpg
gpu:    NVIDIA RTX A5000  (sm 8.6, 24247 MiB)
batch:  10    warmup: 5    iters: 25
start:  2026-05-20T03:54:17
[pool] generated 300 frames = 30 batches × 10  (1.87 GB)

  full_cycle   mean= 156.101 ms  std= 25.547  p95= 214.133 ms  thr=   64.1 img/s
  half_cycle   mean= 150.105 ms  std= 25.904  p95= 208.829 ms  thr=   66.6 img/s
  inference    mean=  50.127 ms  std=  0.262  p95=  50.516 ms  thr=  199.5 img/s
  input_gen_and_load  mean=  78.640 ms  std= 18.376  p95= 128.445 ms  thr=  127.2 img/s
  cos_sim      mean=   1.150 ms  std=  0.069  p95=   1.262 ms  thr= 8695.6 img/s

GPU temp: 36.0 -> 40.0 C  (min=36.0, max=40.0)
wrote: /root/kurnianto/pia-speed_compare/results/pe_NVIDIA_RTX_A5000_b10_20260520_035417_int8.json
[PE_INT8] cos/MSE check skipped (SKIP_COS=1)
