[PE_INT8] INT8 engine:    assets/QAT/pe/engines/int8_pe_dyn_b1-80_t1.engine
[PE_INT8] text features:  assets/model/text_features.json
[PE_INT8] batch=66 warmup=5 iters=25
model:  PE (perception_encoder)  via PEService._detect
engine: assets/QAT/pe/engines/int8_pe_dyn_b1-80_t1.engine
txtfts: assets/model/text_features.json
image:  /home/piawsa6000/kurnianto/pia-speed_compare/assets/images/kkpolice_1.jpg
gpu:    NVIDIA RTX A6000  (sm 8.6, 48676 MiB)
batch:  66    warmup: 5    iters: 25
start:  2026-05-20T03:51:35
[pool] generated 1980 frames = 30 batches × 66  (12.32 GB)

  full_cycle   mean= 486.671 ms  std=  1.637  p95= 489.006 ms  thr=  135.6 img/s
  half_cycle   mean= 462.462 ms  std=  1.661  p95= 464.761 ms  thr=  142.7 img/s
  inference    mean= 240.633 ms  std=  0.673  p95= 241.798 ms  thr=  274.3 img/s
  input_gen_and_load  mean= 304.094 ms  std=  2.941  p95= 308.385 ms  thr=  217.0 img/s
  cos_sim      mean=   5.508 ms  std=  0.008  p95=   5.518 ms  thr=11982.6 img/s

GPU temp: 33.0 -> 33.0 C  (min=33.0, max=34.0)
wrote: /home/piawsa6000/kurnianto/pia-speed_compare/results/pe_NVIDIA_RTX_A6000_b66_20260520_035135_int8.json

[PE_INT8] === random-image cos/MSE vs PT BF16 ===
[PE_INT8] engines:    assets/QAT/pe/engines
[PE_INT8] PT ckpt:    src/FTPE_INT8/.hf_cache/pe/splitqkv_qat/qat_deploy_fp32.pt
[PE_INT8] B=66  T=1  iters=5  min_cos=0.99  max_mse=1e-3
[05/20/2026-03:52:37] [TRT] [W] Using default stream in enqueueV3() may lead to performance issues due to additional calls to cudaStreamSynchronize() by TensorRT to ensure correct synchronization. Please use non-default stream instead.
[test] config=PE-Core-L14-336  B=66  T=1  BT=66  iters=5
[test] ft_ckpt: src/FTPE_INT8/.hf_cache/pe/splitqkv_qat/qat_deploy_fp32.pt
[test] engine_dir: assets/QAT/pe/engines
[test] loading PT BF16 reference ...
   [ft_loader] detected QKV layout: split  arch: PE-Core-L14-336-splitqkv
[test] PT BF16 loaded in 5.3s  (image_size=336)
[test] found 4 engines: ['bf16_pe_b16t1.engine', 'int8_pe_b16t1.engine', 'int8_pe_b16t1_crl.engine', 'int8_pe_dyn_b1-80_t1.engine']

[test] precomputing 5 random-batch PT references ...
[test] freeing PT BF16 to make room for TRT contexts ...
  skipping bf16_pe_b16t1: profile (16, 3, 336, 336)..(16, 3, 336, 336) does not include BT=66
  skipping int8_pe_b16t1: profile (16, 3, 336, 336)..(16, 3, 336, 336) does not include BT=66
  skipping int8_pe_b16t1_crl: profile (16, 3, 336, 336)..(16, 3, 336, 336) does not include BT=66
  int8_pe_dyn_b1-80_t1: iter-0 cos=0.9427

[test] results (mean over 5 iters)

  engine                                                   cos          mse   verdict
  --------------------------------------------------------------------------------
  int8_pe_dyn_b1-80_t1                                0.942903    1.115e-04   FAIL

[test] thresholds: cos >= 0.99   mse <= 1e-03
[test] appended cos_mse section to: /home/piawsa6000/kurnianto/pia-speed_compare/results/pe_NVIDIA_RTX_A6000_b66_20260520_035135_int8.json
[test] FAIL — one or more engines did not meet the threshold
[PE_INT8] cos/MSE check exited non-zero (engine(s) below threshold)
